Component: ARM Compiler 5.06 update 6 (build 750) Tool: armlink [4d35ed]

==============================================================================

Section Cross References

    uart_device.o(i.dbus_uart_callback) refers to uart_device.o(i.remote_data_handle) for remote_data_handle
    uart_device.o(i.dbus_uart_callback) refers to uart_device.o(.bss) for dbus_recv
    uart_device.o(i.remote_data_handle) refers to rt_memclr.o(.text) for __aeabi_memclr
    can_device.o(i.can1_recv_callback) refers to can_device.o(i.get_moto_offset) for get_moto_offset
    can_device.o(i.can1_recv_callback) refers to can_device.o(i.encoder_data_handle) for encoder_data_handle
    can_device.o(i.can1_recv_callback) refers to can_device.o(.bss) for moto_chassis
    can_device.o(i.send_chassis_moto_current) refers to bsp_can.o(i.write_can) for write_can
    can_device.o(i.send_chassis_moto_current) refers to can_device.o(.data) for data
    can_device.o(i.send_chassis_moto_zero_current) refers to bsp_can.o(i.write_can) for write_can
    can_device.o(i.send_chassis_moto_zero_current) refers to can_device.o(.data) for data
    can_device.o(i.send_gimbal_moto_current) refers to bsp_can.o(i.write_can) for write_can
    can_device.o(i.send_gimbal_moto_current) refers to can_device.o(.data) for trigger_moto_current
    can_device.o(i.send_gimbal_moto_zero_current) refers to bsp_can.o(i.write_can) for write_can
    can_device.o(i.send_gimbal_moto_zero_current) refers to can_device.o(.data) for data
    can_device.o(i.set_test_motor_current_left) refers to bsp_can.o(i.write_can) for write_can
    can_device.o(i.set_test_motor_current_left) refers to can_device.o(.data) for data
    pid.o(i.pid_calc) refers to pid.o(i.abs_limit) for abs_limit
    ramp.o(.data) refers to ramp.o(i.ramp_init) for ramp_init
    ramp.o(.data) refers to ramp.o(i.ramp_calc) for ramp_calc
    startup.o(i.init_setup) refers to bsp_io.o(i.write_led_io) for write_led_io
    startup.o(i.init_setup) refers to bsp_io.o(i.digital_tube_init) for digital_tube_init
    startup.o(i.init_setup) refers to stm32f4xx_hal.o(i.HAL_Delay) for HAL_Delay
    startup.o(i.init_setup) refers to bsp_uart.o(i.uart_init) for uart_init
    startup.o(i.init_setup) refers to bsp_uart.o(i.uart_recv_callback_register) for uart_recv_callback_register
    startup.o(i.init_setup) refers to bsp_uart.o(i.uart_receive_start) for uart_receive_start
    startup.o(i.init_setup) refers to bsp_can.o(i.can_device_init) for can_device_init
    startup.o(i.init_setup) refers to bsp_can.o(i.can_recv_callback_register) for can_recv_callback_register
    startup.o(i.init_setup) refers to bsp_can.o(i.can_receive_start) for can_receive_start
    startup.o(i.init_setup) refers to uart_device.o(i.dbus_uart_callback) for dbus_uart_callback
    startup.o(i.init_setup) refers to uart_device.o(.bss) for dbus_recv
    startup.o(i.init_setup) refers to can_device.o(i.can1_recv_callback) for can1_recv_callback
    startup.o(i.sys_start_task) refers to rt_memcpy_w.o(.text) for __aeabi_memcpy4
    startup.o(i.sys_start_task) refers to cmsis_os.o(i.osThreadCreate) for osThreadCreate
    startup.o(i.sys_start_task) refers to startup.o(.constdata) for .constdata
    startup.o(i.sys_start_task) refers to freertos.o(.data) for task3_t
    startup.o(.constdata) refers to startup.o(.conststring) for .conststring
    startup.o(.constdata) refers to study_task.o(i.study_task) for study_task
    study_task.o(i.study_task) refers to bsp_io.o(i.write_led_io) for write_led_io
    study_task.o(i.study_task) refers to cmsis_os.o(i.osDelay) for osDelay
    stm32f4xx_it.o(i.CAN1_RX0_IRQHandler) refers to stm32f4xx_hal_can.o(i.HAL_CAN_IRQHandler) for HAL_CAN_IRQHandler
    stm32f4xx_it.o(i.CAN1_RX0_IRQHandler) refers to can.o(.bss) for hcan1
    stm32f4xx_it.o(i.CAN1_TX_IRQHandler) refers to stm32f4xx_hal_can.o(i.HAL_CAN_IRQHandler) for HAL_CAN_IRQHandler
    stm32f4xx_it.o(i.CAN1_TX_IRQHandler) refers to can.o(.bss) for hcan1
    stm32f4xx_it.o(i.CAN2_RX0_IRQHandler) refers to stm32f4xx_hal_can.o(i.HAL_CAN_IRQHandler) for HAL_CAN_IRQHandler
    stm32f4xx_it.o(i.CAN2_RX0_IRQHandler) refers to can.o(.bss) for hcan2
    stm32f4xx_it.o(i.CAN2_TX_IRQHandler) refers to stm32f4xx_hal_can.o(i.HAL_CAN_IRQHandler) for HAL_CAN_IRQHandler
    stm32f4xx_it.o(i.CAN2_TX_IRQHandler) refers to can.o(.bss) for hcan2
    stm32f4xx_it.o(i.DMA1_Stream1_IRQHandler) refers to stm32f4xx_hal_dma.o(i.HAL_DMA_IRQHandler) for HAL_DMA_IRQHandler
    stm32f4xx_it.o(i.DMA1_Stream1_IRQHandler) refers to usart.o(.bss) for hdma_usart3_rx
    stm32f4xx_it.o(i.DMA1_Stream3_IRQHandler) refers to stm32f4xx_hal_dma.o(i.HAL_DMA_IRQHandler) for HAL_DMA_IRQHandler
    stm32f4xx_it.o(i.DMA1_Stream3_IRQHandler) refers to usart.o(.bss) for hdma_uart7_rx
    stm32f4xx_it.o(i.DMA1_Stream6_IRQHandler) refers to stm32f4xx_hal_dma.o(i.HAL_DMA_IRQHandler) for HAL_DMA_IRQHandler
[...]
    PendSV_Handler                           0x080002a1   Thumb Code    92  port.o(.emb_text)
    vPortGetIPSR                             0x08000301   Thumb Code     6  port.o(.emb_text)
    __aeabi_memcpy4                          0x08000307   Thumb Code     0  rt_memcpy_w.o(.text)
    __aeabi_memcpy8                          0x08000307   Thumb Code     0  rt_memcpy_w.o(.text)
    __rt_memcpy_w                            0x08000307   Thumb Code   100  rt_memcpy_w.o(.text)
    _memcpy_lastbytes_aligned                0x0800034f   Thumb Code     0  rt_memcpy_w.o(.text)
    __aeabi_memset                           0x0800036b   Thumb Code    16  aeabi_memset.o(.text)
    __aeabi_memclr                           0x0800037b   Thumb Code     0  rt_memclr.o(.text)
    __rt_memclr                              0x0800037b   Thumb Code    68  rt_memclr.o(.text)
    _memset                                  0x0800037f   Thumb Code     0  rt_memclr.o(.text)
    __read_errno                             0x080003bf   Thumb Code    10  _rserrno.o(.text)
    __set_errno                              0x080003c9   Thumb Code    12  _rserrno.o(.text)
    __aeabi_memclr4                          0x080003d5   Thumb Code     0  rt_memclr_w.o(.text)
    __aeabi_memclr8                          0x080003d5   Thumb Code     0  rt_memclr_w.o(.text)
    __rt_memclr_w                            0x080003d5   Thumb Code    78  rt_memclr_w.o(.text)
    _memset_w                                0x080003d9   Thumb Code     0  rt_memclr_w.o(.text)
    __aeabi_errno_addr                       0x08000425   Thumb Code     8  rt_errno_addr_intlibspace.o(.text)
    __errno$intlibspace                      0x08000425   Thumb Code     0  rt_errno_addr_intlibspace.o(.text)
    __rt_errno_addr$intlibspace              0x08000425   Thumb Code     0  rt_errno_addr_intlibspace.o(.text)
    __user_libspace                          0x0800042d   Thumb Code     8  libspace.o(.text)
    __user_perproc_libspace                  0x0800042d   Thumb Code     0  libspace.o(.text)
    __user_perthread_libspace                0x0800042d   Thumb Code     0  libspace.o(.text)
    __user_setup_stackheap                   0x08000435   Thumb Code    74  sys_stackheap_outer.o(.text)
    exit                                     0x0800047f   Thumb Code    18  exit.o(.text)
    Reset_Handler                            0x08000491   Thumb Code     8  startup_stm32f427xx.o(.text)
    ADC_IRQHandler                           0x080004ab   Thumb Code     0  startup_stm32f427xx.o(.text)
    CAN1_RX1_IRQHandler                      0x080004ab   Thumb Code     0  startup_stm32f427xx.o(.text)
    CAN1_SCE_IRQHandler                      0x080004ab   Thumb Code     0  startup_stm32f427xx.o(.text)
    CAN2_RX1_IRQHandler                      0x080004ab   Thumb Code     0  startup_stm32f427xx.o(.text)
    CAN2_SCE_IRQHandler                      0x080004ab   Thumb Code     0  startup_stm32f427xx.o(.text)
    DCMI_IRQHandler                          0x080004ab   Thumb Code     0  startup_stm32f427xx.o(.text)
    DMA1_Stream0_IRQHandler                  0x080004ab   Thumb Code     0  startup_stm32f427xx.o(.text)
    DMA1_Stream2_IRQHandler                  0x080004ab   Thumb Code     0  startup_stm32f427xx.o(.text)
    DMA1_Stream4_IRQHandler                  0x080004ab   Thumb Code     0  startup_stm32f427xx.o(.text)
    DMA1_Stream5_IRQHandler                  0x080004ab   Thumb Code     0  startup_stm32f427xx.o(.text)
    DMA1_Stream7_IRQHandler                  0x080004ab   Thumb Code     0  startup_stm32f427xx.o(.text)
    DMA2D_IRQHandler                         0x080004ab   Thumb Code     0  startup_stm32f427xx.o(.text)
    DMA2_Stream0_IRQHandler                  0x080004ab   Thumb Code     0  startup_stm32f427xx.o(.text)
    DMA2_Stream3_IRQHandler                  0x080004ab   Thumb Code     0  startup_stm32f427xx.o(.text)
    DMA2_Stream4_IRQHandler                  0x080004ab   Thumb Code     0  startup_stm32f427xx.o(.text)
    DMA2_Stream5_IRQHandler                  0x080004ab   Thumb Code     0  startup_stm32f427xx.o(.text)
    DMA2_Stream6_IRQHandler                  0x080004ab   Thumb Code     0  startup_stm32f427xx.o(.text)
    DMA2_Stream7_IRQHandler                  0x080004ab   Thumb Code     0  startup_stm32f427xx.o(.text)
    ETH_IRQHandler                           0x080004ab   Thumb Code     0  startup_stm32f427xx.o(.text)
    ETH_WKUP_IRQHandler                      0x080004ab   Thumb Code     0  startup_stm32f427xx.o(.text)
    EXTI0_IRQHandler                         0x080004ab   Thumb Code     0  startup_stm32f427xx.o(.text)
    EXTI15_10_IRQHandler                     0x080004ab   Thumb Code     0  startup_stm32f427xx.o(.text)
    EXTI1_IRQHandler                         0x080004ab   Thumb Code     0  startup_stm32f427xx.o(.text)
    EXTI2_IRQHandler                         0x080004ab   Thumb Code     0  startup_stm32f427xx.o(.text)
    EXTI3_IRQHandler                         0x080004ab   Thumb Code     0  startup_stm32f427xx.o(.text)
    EXTI4_IRQHandler                         0x080004ab   Thumb Code     0  startup_stm32f427xx.o(.text)
    EXTI9_5_IRQHandler                       0x080004ab   Thumb Code     0  startup_stm32f427xx.o(.text)
    FLASH_IRQHandler                         0x080004ab   Thumb Code     0  startup_stm32f427xx.o(.text)
    FMC_IRQHandler                           0x080004ab   Thumb Code     0  startup_stm32f427xx.o(.text)
    FPU_IRQHandler                           0x080004ab   Thumb Code     0  startup_stm32f427xx.o(.text)
    HASH_RNG_IRQHandler                      0x080004ab   Thumb Code     0  startup_stm32f427xx.o(.text)
    I2C1_ER_IRQHandler                       0x080004ab   Thumb Code     0  startup_stm32f427xx.o(.text)
    I2C1_EV_IRQHandler                       0x080004ab   Thumb Code     0  startup_stm32f427xx.o(.text)
    I2C2_ER_IRQHandler                       0x080004ab   Thumb Code     0  startup_stm32f427xx.o(.text)
    I2C2_EV_IRQHandler                       0x080004ab   Thumb Code     0  startup_stm32f427xx.o(.text)
    I2C3_ER_IRQHandler                       0x080004ab   Thumb Code     0  startup_stm32f427xx.o(.text)
    I2C3_EV_IRQHandler                       0x080004ab   Thumb Code     0  startup_stm32f427xx.o(.text)
    OTG_FS_IRQHandler                        0x080004ab   Thumb Code     0  startup_stm32f427xx.o(.text)
    OTG_FS_WKUP_IRQHandler                   0x080004ab   Thumb Code     0  startup_stm32f427xx.o(.text)
    OTG_HS_EP1_IN_IRQHandler                 0x080004ab   Thumb Code     0  startup_stm32f427xx.o(.text)
    OTG_HS_EP1_OUT_IRQHandler                0x080004ab   Thumb Code     0  startup_stm32f427xx.o(.text)
    OTG_HS_IRQHandler                        0x080004ab   Thumb Code     0  startup_stm32f427xx.o(.text)
    OTG_HS_WKUP_IRQHandler                   0x080004ab   Thumb Code     0  startup_stm32f427xx.o(.text)
    PVD_IRQHandler                           0x080004ab   Thumb Code     0  startup_stm32f427xx.o(.text)
    RCC_IRQHandler                           0x080004ab   Thumb Code     0  startup_stm32f427xx.o(.text)
    RTC_Alarm_IRQHandler                     0x080004ab   Thumb Code     0  startup_stm32f427xx.o(.text)
    RTC_WKUP_IRQHandler                      0x080004ab   Thumb Code     0  startup_stm32f427xx.o(.text)
    SAI1_IRQHandler                          0x080004ab   Thumb Code     0  startup_stm32f427xx.o(.text)
    SDIO_IRQHandler                          0x080004ab   Thumb Code     0  startup_stm32f427xx.o(.text)
    SPI1_IRQHandler                          0x080004ab   Thumb Code     0  startup_stm32f427xx.o(.text)
    SPI2_IRQHandler                          0x080004ab   Thumb Code     0  startup_stm32f427xx.o(.text)
    SPI3_IRQHandler                          0x080004ab   Thumb Code     0  startup_stm32f427xx.o(.text)
    SPI4_IRQHandler                          0x080004ab   Thumb Code     0  startup_stm32f427xx.o(.text)
    SPI5_IRQHandler                          0x080004ab   Thumb Code     0  startup_stm32f427xx.o(.text)
    SPI6_IRQHandler                          0x080004ab   Thumb Code     0  startup_stm32f427xx.o(.text)
    TAMP_STAMP_IRQHandler                    0x080004ab   Thumb Code     0  startup_stm32f427xx.o(.text)
    TIM1_BRK_TIM9_IRQHandler                 0x080004ab   Thumb Code     0  startup_stm32f427xx.o(.text)
    TIM1_CC_IRQHandler                       0x080004ab   Thumb Code     0  startup_stm32f427xx.o(.text)
    TIM1_TRG_COM_TIM11_IRQHandler            0x080004ab   Thumb Code     0  startup_stm32f427xx.o(.text)
    TIM1_UP_TIM10_IRQHandler                 0x080004ab   Thumb Code     0  startup_stm32f427xx.o(.text)
    TIM2_IRQHandler                          0x080004ab   Thumb Code     0  startup_stm32f427xx.o(.text)
    TIM3_IRQHandler                          0x080004ab   Thumb Code     0  startup_stm32f427xx.o(.text)
    TIM4_IRQHandler                          0x080004ab   Thumb Code     0  startup_stm32f427xx.o(.text)
    TIM5_IRQHandler                          0x080004ab   Thumb Code     0  startup_stm32f427xx.o(.text)
    TIM7_IRQHandler                          0x080004ab   Thumb Code     0  startup_stm32f427xx.o(.text)
    TIM8_BRK_TIM12_IRQHandler                0x080004ab   Thumb Code     0  startup_stm32f427xx.o(.text)
    TIM8_CC_IRQHandler                       0x080004ab   Thumb Code     0  startup_stm32f427xx.o(.text)
    TIM8_TRG_COM_TIM14_IRQHandler            0x080004ab   Thumb Code     0  startup_stm32f427xx.o(.text)
    TIM8_UP_TIM13_IRQHandler                 0x080004ab   Thumb Code     0  startup_stm32f427xx.o(.text)
    UART4_IRQHandler                         0x080004ab   Thumb Code     0  startup_stm32f427xx.o(.text)
    UART5_IRQHandler                         0x080004ab   Thumb Code     0  startup_stm32f427xx.o(.text)
    USART2_IRQHandler                        0x080004ab   Thumb Code     0  startup_stm32f427xx.o(.text)
    WWDG_IRQHandler                          0x080004ab   Thumb Code     0  startup_stm32f427xx.o(.text)
    __user_initial_stackheap                 0x080004ad   Thumb Code     0  startup_stm32f427xx.o(.text)
    __use_two_region_memory                  0x080004d1   Thumb Code     2  heapauxi.o(.text)
    __rt_heap_escrow$2region                 0x080004d3   Thumb Code     2  heapauxi.o(.text)
    __rt_heap_expand$2region                 0x080004d5   Thumb Code     2  heapauxi.o(.text)
    _sys_exit                                0x080004d9   Thumb Code     8  sys_exit.o(.text)
    __I$use$semihosting                      0x080004e5   Thumb Code     0  use_no_semi.o(.text)
    __use_no_semihosting_swi                 0x080004e5   Thumb Code     2  use_no_semi.o(.text)
    __semihosting_library_function           0x080004e7   Thumb Code     0  indicate_semi.o(.text)
    BusFault_Handler                         0x08000655   Thumb Code     4  stm32f4xx_it.o(i.BusFault_Handler)
    CAN1_RX0_IRQHandler                      0x08000659   Thumb Code    10  stm32f4xx_it.o(i.CAN1_RX0_IRQHandler)
    CAN1_TX_IRQHandler                       0x08000669   Thumb Code    10  stm32f4xx_it.o(i.CAN1_TX_IRQHandler)
    CAN2_RX0_IRQHandler                      0x08000679   Thumb Code    10  stm32f4xx_it.o(i.CAN2_RX0_IRQHandler)
    CAN2_TX_IRQHandler                       0x08000689   Thumb Code    10  stm32f4xx_it.o(i.CAN2_TX_IRQHandler)
    DMA1_Stream1_IRQHandler                  0x080008bd   Thumb Code    10  stm32f4xx_it.o(i.DMA1_Stream1_IRQHandler)
    DMA1_Stream3_IRQHandler                  0x080008cd   Thumb Code    10  stm32f4xx_it.o(i.DMA1_Stream3_IRQHandler)
    DMA1_Stream6_IRQHandler                  0x080008dd   Thumb Code    10  stm32f4xx_it.o(i.DMA1_Stream6_IRQHandler)
    DMA2_Stream1_IRQHandler                  0x080008ed   Thumb Code    10  stm32f4xx_it.o(i.DMA2_Stream1_IRQHandler)
    DMA2_Stream2_IRQHandler                  0x080008fd   Thumb Code    10  stm32f4xx_it.o(i.DMA2_Stream2_IRQHandler)
    DebugMon_Handler                         0x08000a17   Thumb Code     2  stm32f4xx_it.o(i.DebugMon_Handler)
    HAL_ADC_ConfigChannel                    0x08000a19   Thumb Code   384  stm32f4xx_hal_adc.o(i.HAL_ADC_ConfigChannel)
    HAL_ADC_Init                             0x08000bad   Thumb Code   100  stm32f4xx_hal_adc.o(i.HAL_ADC_Init)
    HAL_ADC_MspInit                          0x08000c15   Thumb Code    70  adc.o(i.HAL_ADC_MspInit)
    HAL_CAN_ConfigFilter                     0x08000c69   Thumb Code   260  stm32f4xx_hal_can.o(i.HAL_CAN_ConfigFilter)
    HAL_CAN_ErrorCallback                    0x08000d71   Thumb Code     2  stm32f4xx_hal_can.o(i.HAL_CAN_ErrorCallback)
    HAL_CAN_IRQHandler                       0x08000d75   Thumb Code   580  stm32f4xx_hal_can.o(i.HAL_CAN_IRQHandler)
    HAL_CAN_Init                             0x08000fc9   Thumb Code   444  stm32f4xx_hal_can.o(i.HAL_CAN_Init)
    HAL_CAN_MspInit                          0x08001185   Thumb Code   282  can.o(i.HAL_CAN_MspInit)
    HAL_CAN_Receive_IT                       0x080012b9   Thumb Code   268  stm32f4xx_hal_can.o(i.HAL_CAN_Receive_IT)
    HAL_CAN_RxCpltCallback                   0x080013c5   Thumb Code    92  bsp_can.o(i.HAL_CAN_RxCpltCallback)
    HAL_CAN_TxCpltCallback                   0x0800142d   Thumb Code     2  stm32f4xx_hal_can.o(i.HAL_CAN_TxCpltCallback)
    HAL_DMA_Abort_IT                         0x0800142f   Thumb Code    40  stm32f4xx_hal_dma.o(i.HAL_DMA_Abort_IT)
    HAL_DMA_IRQHandler                       0x08001459   Thumb Code   574  stm32f4xx_hal_dma.o(i.HAL_DMA_IRQHandler)
    HAL_DMA_Init                             0x080016a1   Thumb Code   232  stm32f4xx_hal_dma.o(i.HAL_DMA_Init)
    HAL_DMA_Start                            0x0800178d   Thumb Code   102  stm32f4xx_hal_dma.o(i.HAL_DMA_Start)
    HAL_Delay                                0x080017f3   Thumb Code    30  stm32f4xx_hal.o(i.HAL_Delay)
    HAL_GPIO_Init                            0x08001811   Thumb Code   486  stm32f4xx_hal_gpio.o(i.HAL_GPIO_Init)
    HAL_GPIO_WritePin                        0x08001a2d   Thumb Code    12  stm32f4xx_hal_gpio.o(i.HAL_GPIO_WritePin)
    HAL_GetTick                              0x08001a39   Thumb Code     6  stm32f4xx_hal.o(i.HAL_GetTick)
    HAL_IncTick                              0x08001a45   Thumb Code    12  stm32f4xx_hal.o(i.HAL_IncTick)
    HAL_Init                                 0x08001a55   Thumb Code    54  stm32f4xx_hal.o(i.HAL_Init)
    HAL_InitTick                             0x08001a91   Thumb Code   122  stm32f4xx_hal_timebase_tim.o(i.HAL_InitTick)
    HAL_MspInit                              0x08001b1d   Thumb Code     2  stm32f4xx_hal.o(i.HAL_MspInit)
    HAL_NVIC_EnableIRQ                       0x08001b1f   Thumb Code    26  stm32f4xx_hal_cortex.o(i.HAL_NVIC_EnableIRQ)
    HAL_NVIC_SetPriority                     0x08001b39   Thumb Code   124  stm32f4xx_hal_cortex.o(i.HAL_NVIC_SetPriority)
    HAL_NVIC_SetPriorityGrouping             0x08001bb5   Thumb Code    32  stm32f4xx_hal_cortex.o(i.HAL_NVIC_SetPriorityGrouping)
    HAL_PWREx_EnableOverDrive                0x08001bdd   Thumb Code   152  stm32f4xx_hal_pwr_ex.o(i.HAL_PWREx_EnableOverDrive)
    HAL_RCCEx_PeriphCLKConfig                0x08001c81   Thumb Code   856  stm32f4xx_hal_rcc_ex.o(i.HAL_RCCEx_PeriphCLKConfig)
    HAL_RCC_ClockConfig                      0x08001ff1   Thumb Code   446  stm32f4xx_hal_rcc.o(i.HAL_RCC_ClockConfig)
    HAL_RCC_GetClockConfig                   0x080021c1   Thumb Code    58  stm32f4xx_hal_rcc.o(i.HAL_RCC_GetClockConfig)
    HAL_RCC_GetHCLKFreq                      0x08002205   Thumb Code     6  stm32f4xx_hal_rcc.o(i.HAL_RCC_GetHCLKFreq)
    HAL_RCC_GetPCLK1Freq                     0x08002211   Thumb Code    36  stm32f4xx_hal_rcc.o(i.HAL_RCC_GetPCLK1Freq)
    HAL_RCC_GetPCLK2Freq                     0x0800223d   Thumb Code    36  stm32f4xx_hal_rcc.o(i.HAL_RCC_GetPCLK2Freq)
    HAL_RCC_GetSysClockFreq                  0x08002269   Thumb Code   168  stm32f4xx_hal_rcc.o(i.HAL_RCC_GetSysClockFreq)
    HAL_RCC_OscConfig                        0x0800231d   Thumb Code  1090  stm32f4xx_hal_rcc.o(i.HAL_RCC_OscConfig)
    HAL_RTCEx_BKUPRead                       0x08002769   Thumb Code    18  stm32f4xx_hal_rtc_ex.o(i.HAL_RTCEx_BKUPRead)
    HAL_RTCEx_BKUPWrite                      0x0800277b   Thumb Code    18  stm32f4xx_hal_rtc_ex.o(i.HAL_RTCEx_BKUPWrite)
    HAL_RTCEx_SetWakeUpTimer                 0x0800278d   Thumb Code   254  stm32f4xx_hal_rtc_ex.o(i.HAL_RTCEx_SetWakeUpTimer)
    HAL_RTC_Init                             0x0800288d   Thumb Code   176  stm32f4xx_hal_rtc.o(i.HAL_RTC_Init)
    HAL_RTC_MspInit                          0x08002941   Thumb Code    16  rtc.o(i.HAL_RTC_MspInit)
    HAL_RTC_SetDate                          0x08002959   Thumb Code   270  stm32f4xx_hal_rtc.o(i.HAL_RTC_SetDate)
    HAL_RTC_SetTime                          0x08002a6d   Thumb Code   304  stm32f4xx_hal_rtc.o(i.HAL_RTC_SetTime)
    HAL_RTC_WaitForSynchro                   0x08002ba1   Thumb Code    58  stm32f4xx_hal_rtc.o(i.HAL_RTC_WaitForSynchro)
    HAL_SPI_Init                             0x08002bdb   Thumb Code   140  stm32f4xx_hal_spi.o(i.HAL_SPI_Init)
    HAL_SPI_MspInit                          0x08002c69   Thumb Code    80  spi.o(i.HAL_SPI_MspInit)
    HAL_SPI_TransmitReceive                  0x08002cc5   Thumb Code   542  stm32f4xx_hal_spi.o(i.HAL_SPI_TransmitReceive)
    HAL_SYSTICK_CLKSourceConfig              0x08002ee3   Thumb Code    40  stm32f4xx_hal_cortex.o(i.HAL_SYSTICK_CLKSourceConfig)
    HAL_SYSTICK_Config                       0x08002f0b   Thumb Code    52  stm32f4xx_hal_cortex.o(i.HAL_SYSTICK_Config)
    HAL_TIMEx_BreakCallback                  0x08002f3f   Thumb Code     2  stm32f4xx_hal_tim_ex.o(i.HAL_TIMEx_BreakCallback)
    HAL_TIMEx_CommutationCallback            0x08002f41   Thumb Code     2  stm32f4xx_hal_tim_ex.o(i.HAL_TIMEx_CommutationCallback)
    HAL_TIMEx_ConfigBreakDeadTime            0x08002f43   Thumb Code   126  stm32f4xx_hal_tim_ex.o(i.HAL_TIMEx_ConfigBreakDeadTime)
    HAL_TIMEx_MasterConfigSynchronization    0x08002fc1   Thumb Code    98  stm32f4xx_hal_tim_ex.o(i.HAL_TIMEx_MasterConfigSynchronization)
    HAL_TIM_Base_Init                        0x08003023   Thumb Code    52  stm32f4xx_hal_tim.o(i.HAL_TIM_Base_Init)
    HAL_TIM_Base_MspInit                     0x08003057   Thumb Code     2  stm32f4xx_hal_tim.o(i.HAL_TIM_Base_MspInit)
    HAL_TIM_Base_Start_IT                    0x08003059   Thumb Code    30  stm32f4xx_hal_tim.o(i.HAL_TIM_Base_Start_IT)
    HAL_TIM_IC_CaptureCallback               0x08003077   Thumb Code     2  stm32f4xx_hal_tim.o(i.HAL_TIM_IC_CaptureCallback)
    HAL_TIM_IRQHandler                       0x08003079   Thumb Code   406  stm32f4xx_hal_tim.o(i.HAL_TIM_IRQHandler)
    HAL_TIM_MspPostInit                      0x08003211   Thumb Code   254  tim.o(i.HAL_TIM_MspPostInit)
    HAL_TIM_OC_DelayElapsedCallback          0x08003339   Thumb Code     2  stm32f4xx_hal_tim.o(i.HAL_TIM_OC_DelayElapsedCallback)
    HAL_TIM_PWM_ConfigChannel                0x0800333b   Thumb Code   264  stm32f4xx_hal_tim.o(i.HAL_TIM_PWM_ConfigChannel)
    HAL_TIM_PWM_Init                         0x08003443   Thumb Code    52  stm32f4xx_hal_tim.o(i.HAL_TIM_PWM_Init)
    HAL_TIM_PWM_MspInit                      0x08003479   Thumb Code   248  tim.o(i.HAL_TIM_PWM_MspInit)
    HAL_TIM_PWM_PulseFinishedCallback        0x08003589   Thumb Code     2  stm32f4xx_hal_tim.o(i.HAL_TIM_PWM_PulseFinishedCallback)
    HAL_TIM_PWM_Start                        0x0800358d   Thumb Code    68  stm32f4xx_hal_tim.o(i.HAL_TIM_PWM_Start)
    HAL_TIM_PeriodElapsedCallback            0x080035d9   Thumb Code    18  main.o(i.HAL_TIM_PeriodElapsedCallback)
    HAL_TIM_TriggerCallback                  0x080035f1   Thumb Code     2  stm32f4xx_hal_tim.o(i.HAL_TIM_TriggerCallback)
    HAL_UART_ErrorCallback                   0x080035f3   Thumb Code     2  stm32f4xx_hal_uart.o(i.HAL_UART_ErrorCallback)
    HAL_UART_IRQHandler                      0x080035f5   Thumb Code   326  stm32f4xx_hal_uart.o(i.HAL_UART_IRQHandler)
    HAL_UART_Init                            0x08003741   Thumb Code   114  stm32f4xx_hal_uart.o(i.HAL_UART_Init)
    HAL_UART_MspInit                         0x080037b5   Thumb Code   770  usart.o(i.HAL_UART_MspInit)
    HAL_UART_RxCpltCallback                  0x08003b0d   Thumb Code     2  stm32f4xx_hal_uart.o(i.HAL_UART_RxCpltCallback)
    HAL_UART_TxCpltCallback                  0x08003b0f   Thumb Code     2  stm32f4xx_hal_uart.o(i.HAL_UART_TxCpltCallback)
    HardFault_Handler                        0x08003b11   Thumb Code     4  stm32f4xx_it.o(i.HardFault_Handler)
    MX_ADC1_Init                             0x08003b15   Thumb Code    94  adc.o(i.MX_ADC1_Init)
    MX_CAN1_Init                             0x08003b91   Thumb Code    64  can.o(i.MX_CAN1_Init)
    MX_CAN2_Init                             0x08003be9   Thumb Code    68  can.o(i.MX_CAN2_Init)
    MX_DMA_Init                              0x08003c45   Thumb Code   146  dma.o(i.MX_DMA_Init)
    MX_FREERTOS_Init                         0x08003cdd   Thumb Code    58  freertos.o(i.MX_FREERTOS_Init)
    MX_GPIO_Init                             0x08003d25   Thumb Code   648  gpio.o(i.MX_GPIO_Init)
    MX_RTC_Init                              0x08003fd9   Thumb Code   184  rtc.o(i.MX_RTC_Init)
    MX_SPI5_Init                             0x080040a9   Thumb Code    62  spi.o(i.MX_SPI5_Init)
    MX_TIM12_Init                            0x08004101   Thumb Code    84  tim.o(i.MX_TIM12_Init)
    MX_TIM2_Init                             0x0800416d   Thumb Code   176  tim.o(i.MX_TIM2_Init)
    MX_TIM3_Init                             0x08004231   Thumb Code   134  tim.o(i.MX_TIM3_Init)
    MX_TIM4_Init                             0x080042d1   Thumb Code   174  tim.o(i.MX_TIM4_Init)
    MX_TIM5_Init                             0x08004399   Thumb Code   174  tim.o(i.MX_TIM5_Init)
    MX_TIM8_Init                             0x08004461   Thumb Code   236  tim.o(i.MX_TIM8_Init)
    MX_UART7_Init                            0x08004565   Thumb Code    50  usart.o(i.MX_UART7_Init)
    MX_UART8_Init                            0x080045b1   Thumb Code    50  usart.o(i.MX_UART8_Init)
    MX_USART1_UART_Init                      0x080045fd   Thumb Code    52  usart.o(i.MX_USART1_UART_Init)
    MX_USART3_UART_Init                      0x0800464d   Thumb Code    50  usart.o(i.MX_USART3_UART_Init)
    MX_USART6_UART_Init                      0x08004699   Thumb Code    50  usart.o(i.MX_USART6_UART_Init)
    MemManage_Handler                        0x080046e5   Thumb Code     4  stm32f4xx_it.o(i.MemManage_Handler)
    NMI_Handler                              0x080046e9   Thumb Code     2  stm32f4xx_it.o(i.NMI_Handler)
    RTC_Bcd2ToByte                           0x08004725   Thumb Code    22  stm32f4xx_hal_rtc.o(i.RTC_Bcd2ToByte)
    RTC_ByteToBcd2                           0x0800473b   Thumb Code    26  stm32f4xx_hal_rtc.o(i.RTC_ByteToBcd2)
    RTC_EnterInitMode                        0x08004755   Thumb Code    62  stm32f4xx_hal_rtc.o(i.RTC_EnterInitMode)
    StartDefaultTask                         0x08004865   Thumb Code    10  freertos.o(i.StartDefaultTask)
    SysTick_Handler                          0x0800486f   Thumb Code     8  stm32f4xx_it.o(i.SysTick_Handler)
    SystemClock_Config                       0x08004879   Thumb Code   240  main.o(i.SystemClock_Config)
    SystemInit                               0x08004981   Thumb Code    82  system_stm32f4xx.o(i.SystemInit)
    TIM6_DAC_IRQHandler                      0x080049e5   Thumb Code    10  stm32f4xx_it.o(i.TIM6_DAC_IRQHandler)
    TIM_Base_SetConfig                       0x080049f5   Thumb Code   184  stm32f4xx_hal_tim.o(i.TIM_Base_SetConfig)
    TIM_CCxChannelCmd                        0x08004ad9   Thumb Code    28  stm32f4xx_hal_tim.o(i.TIM_CCxChannelCmd)
    TIM_OC2_SetConfig                        0x08004b65   Thumb Code   112  stm32f4xx_hal_tim.o(i.TIM_OC2_SetConfig)
    UART7_IRQHandler                         0x08004cb5   Thumb Code    16  stm32f4xx_it.o(i.UART7_IRQHandler)
    UART8_IRQHandler                         0x08004cc9   Thumb Code    16  stm32f4xx_it.o(i.UART8_IRQHandler)
    USART1_IRQHandler                        0x0800519d   Thumb Code    16  stm32f4xx_it.o(i.USART1_IRQHandler)
    USART3_IRQHandler                        0x080051b1   Thumb Code    16  stm32f4xx_it.o(i.USART3_IRQHandler)
    USART6_IRQHandler                        0x080051c5   Thumb Code    16  stm32f4xx_it.o(i.USART6_IRQHandler)
    UsageFault_Handler                       0x080051d9   Thumb Code     4  stm32f4xx_it.o(i.UsageFault_Handler)
    _Error_Handler                           0x080051dd   Thumb Code     4  main.o(i._Error_Handler)
    __ARM_fpclassify                         0x080051e1   Thumb Code    48  fpclassify.o(i.__ARM_fpclassify)
    __hardfp_asin                            0x08005211   Thumb Code   770  asin.o(i.__hardfp_asin)
    __hardfp_atan                            0x08005571   Thumb Code   622  atan.o(i.__hardfp_atan)
    __hardfp_atan2                           0x08005849   Thumb Code   432  atan2.o(i.__hardfp_atan2)
    __hardfp_sqrt                            0x08005a39   Thumb Code   122  sqrt.o(i.__hardfp_sqrt)
    __kernel_poly                            0x08005ab3   Thumb Code   248  poly.o(i.__kernel_poly)
    __mathlib_dbl_infnan                     0x08005bab   Thumb Code    20  dunder.o(i.__mathlib_dbl_infnan)
    __mathlib_dbl_infnan2                    0x08005bbf   Thumb Code    20  dunder.o(i.__mathlib_dbl_infnan2)
    __mathlib_dbl_invalid                    0x08005bd9   Thumb Code    24  dunder.o(i.__mathlib_dbl_invalid)
    __mathlib_dbl_underflow                  0x08005bf9   Thumb Code    24  dunder.o(i.__mathlib_dbl_underflow)
    atan                                     0x08005c19   Thumb Code    16  atan.o(i.atan)
    can1_recv_callback                       0x08005c29   Thumb Code   208  can_device.o(i.can1_recv_callback)
    can_device_init                          0x08005d01   Thumb Code    78  bsp_can.o(i.can_device_init)
    can_receive_start                        0x08005d69   Thumb Code    20  bsp_can.o(i.can_receive_start)
    can_recv_callback_register               0x08005d85   Thumb Code    20  bsp_can.o(i.can_recv_callback_register)
    dbus_uart_callback                       0x08005d9d   Thumb Code    12  uart_device.o(i.dbus_uart_callback)
    digital_tube_init                        0x08005db1   Thumb Code    38  bsp_io.o(i.digital_tube_init)
    fabs                                     0x08005f65   Thumb Code    24  fabs.o(i.fabs)
    imu_AHRS_update                          0x08005f8d   Thumb Code  1938  bsp_imu.o(i.imu_AHRS_update)
    imu_attitude_update                      0x0800676d   Thumb Code   770  bsp_imu.o(i.imu_attitude_update)
    imu_task                                 0x08006ab1   Thumb Code    44  bsp_imu.o(i.imu_task)
    init_setup                               0x08006ae5   Thumb Code   130  startup.o(i.init_setup)
    invSqrt                                  0x08006b79   Thumb Code    56  bsp_imu.o(i.invSqrt)
    ist8310_init                             0x08006bb5   Thumb Code   256  bsp_imu.o(i.ist8310_init)
    main                                     0x08006d31   Thumb Code   162  main.o(i.main)
    mpu_device_init                          0x08006df1   Thumb Code    94  bsp_imu.o(i.mpu_device_init)
    osDelay                                  0x0800730d   Thumb Code    24  cmsis_os.o(i.osDelay)
    osKernelStart                            0x08007325   Thumb Code    10  cmsis_os.o(i.osKernelStart)
    osSystickHandler                         0x0800732f   Thumb Code    16  cmsis_os.o(i.osSystickHandler)
    osThreadCreate                           0x0800733f   Thumb Code    48  cmsis_os.o(i.osThreadCreate)
    pvPortMalloc                             0x080077d1   Thumb Code   296  heap_4.o(i.pvPortMalloc)
    pxPortInitialiseStack                    0x0800790d   Thumb Code    38  port.o(i.pxPortInitialiseStack)
    refresh_digital_tube                     0x08007939   Thumb Code   316  bsp_io.o(i.refresh_digital_tube)
    set_digital_io_dir                       0x08007bf5   Thumb Code   370  bsp_io.o(i.set_digital_io_dir)
    sqrt                                     0x08007d79   Thumb Code   110  sqrt.o(i.sqrt)
    study_task                               0x08007de7   Thumb Code   180  study_task.o(i.study_task)
    sys_start_task                           0x08007e9d   Thumb Code    30  startup.o(i.sys_start_task)
    uart_init                                0x08007ec5   Thumb Code   236  bsp_uart.o(i.uart_init)
    uart_receive_start                       0x08008035   Thumb Code    98  bsp_uart.o(i.uart_receive_start)
    uart_recv_callback_register              0x080080ad   Thumb Code    50  bsp_uart.o(i.uart_recv_callback_register)
    uart_recv_interrupt_callback             0x080080e5   Thumb Code  1084  bsp_uart.o(i.uart_recv_interrupt_callback)
    uxListRemove                             0x08008521   Thumb Code    40  list.o(i.uxListRemove)
    vApplicationStackOverflowHook            0x08008549   Thumb Code     4  freertos.o(i.vApplicationStackOverflowHook)
    vListInitialise                          0x0800854d   Thumb Code    26  list.o(i.vListInitialise)
    vListInitialiseItem                      0x08008567   Thumb Code     6  list.o(i.vListInitialiseItem)
    vListInsert                              0x0800856d   Thumb Code    52  list.o(i.vListInsert)
    vListInsertEnd                           0x080085a1   Thumb Code    24  list.o(i.vListInsertEnd)
    vPortEnterCritical                       0x080085b9   Thumb Code    76  port.o(i.vPortEnterCritical)
    vPortExitCritical                        0x0800860d   Thumb Code    56  port.o(i.vPortExitCritical)
    vPortFree                                0x08008649   Thumb Code   140  heap_4.o(i.vPortFree)
    vPortSetupTimerInterrupt                 0x080086dd   Thumb Code    26  port.o(i.vPortSetupTimerInterrupt)
    vTaskDelay                               0x080086fd   Thumb Code    82  tasks.o(i.vTaskDelay)
    vTaskStartScheduler                      0x08008759   Thumb Code   108  tasks.o(i.vTaskStartScheduler)
    vTaskSuspendAll                          0x080087e1   Thumb Code    12  tasks.o(i.vTaskSuspendAll)
    vTaskSwitchContext                       0x080087f1   Thumb Code   148  tasks.o(i.vTaskSwitchContext)
    write_digital_io                         0x08008899   Thumb Code   158  bsp_io.o(i.write_digital_io)
    write_led_io                             0x08008949   Thumb Code   206  bsp_io.o(i.write_led_io)
    xPortStartScheduler                      0x08008a25   Thumb Code   288  port.o(i.xPortStartScheduler)
    xPortSysTickHandler                      0x08008b61   Thumb Code    46  port.o(i.xPortSysTickHandler)
    xTaskCreate                              0x08008b95   Thumb Code    96  tasks.o(i.xTaskCreate)
    xTaskGetSchedulerState                   0x08008bf5   Thumb Code    24  tasks.o(i.xTaskGetSchedulerState)
    xTaskIncrementTick                       0x08008c15   Thumb Code   282  tasks.o(i.xTaskIncrementTick)
    xTaskResumeAll                           0x08008d5d   Thumb Code   224  tasks.o(i.xTaskResumeAll)
    __aeabi_dneg                             0x08008e61   Thumb Code     0  basic.o(x$fpl$basic)
    _dneg                                    0x08008e61   Thumb Code     6  basic.o(x$fpl$basic)
    __aeabi_fneg                             0x08008e67   Thumb Code     0  basic.o(x$fpl$basic)
    _fneg                                    0x08008e67   Thumb Code     6  basic.o(x$fpl$basic)
    _dabs                                    0x08008e6d   Thumb Code     6  basic.o(x$fpl$basic)
    _fabs                                    0x08008e73   Thumb Code     6  basic.o(x$fpl$basic)
    __aeabi_d2f                              0x08008e79   Thumb Code     0  d2f.o(x$fpl$d2f)
    _d2f                                     0x08008e79   Thumb Code    98  d2f.o(x$fpl$d2f)
    __aeabi_dadd                             0x08008edd   Thumb Code     0  daddsub_clz.o(x$fpl$dadd)
    _dadd                                    0x08008edd   Thumb Code   332  daddsub_clz.o(x$fpl$dadd)
    __aeabi_ddiv                             0x0800902d   Thumb Code     0  ddiv.o(x$fpl$ddiv)
    _ddiv                                    0x0800902d   Thumb Code   552  ddiv.o(x$fpl$ddiv)
    __aeabi_dmul                             0x080092dd   Thumb Code     0  dmul.o(x$fpl$dmul)
    _dmul                                    0x080092dd   Thumb Code   332  dmul.o(x$fpl$dmul)
    __fpl_dnaninf                            0x08009431   Thumb Code   156  dnaninf.o(x$fpl$dnaninf)
    __fpl_dretinf                            0x080094cd   Thumb Code    12  dretinf.o(x$fpl$dretinf)
    __aeabi_drsub                            0x080094d9   Thumb Code     0  daddsub_clz.o(x$fpl$drsb)
    _drsb                                    0x080094d9   Thumb Code    22  daddsub_clz.o(x$fpl$drsb)
    _dsqrt                                   0x080094f1   Thumb Code   404  dsqrt_umaal.o(x$fpl$dsqrt)
    __aeabi_dsub                             0x08009689   Thumb Code     0  daddsub_clz.o(x$fpl$dsub)
    _dsub                                    0x08009689   Thumb Code   464  daddsub_clz.o(x$fpl$dsub)
    __aeabi_f2d                              0x0800985d   Thumb Code     0  f2d.o(x$fpl$f2d)
    _f2d                                     0x0800985d   Thumb Code    86  f2d.o(x$fpl$f2d)
    __fpl_fnaninf                            0x080098b3   Thumb Code   140  fnaninf.o(x$fpl$fnaninf)
    _fp_init                                 0x0800993f   Thumb Code    10  fpinit.o(x$fpl$fpinit)
    __fplib_config_fpu_vfp                   0x08009947   Thumb Code     0  fpinit.o(x$fpl$fpinit)
    __fplib_config_pureend_doubles           0x08009947   Thumb Code     0  fpinit.o(x$fpl$fpinit)
    __fpl_fretinf                            0x08009949   Thumb Code    10  fretinf.o(x$fpl$fretinf)
    __I$use$fp                               0x08009952   Number         0  usenofp.o(x$fpl$usenofp)
    AHBPrescTable                            0x08009998   Data          16  system_stm32f4xx.o(.constdata)
    APBPrescTable                            0x080099a8   Data           8  system_stm32f4xx.o(.constdata)
    __mathlib_zero                           0x08009aa8   Data           8  qnan.o(.constdata)
    Region$$Table$$Base                      0x08009acc   Number         0  anon$$obj.o(Region$$Table)
    Region$$Table$$Limit                     0x08009aec   Number         0  anon$$obj.o(Region$$Table)
    uwTick                                   0x20000000   Data           4  stm32f4xx_hal.o(.data)
    defaultTaskHandle                        0x20000008   Data           4  freertos.o(.data)
    task1_t                                  0x2000000c   Data           4  freertos.o(.data)
    task2_t                                  0x20000010   Data           4  freertos.o(.data)
    task3_t                                  0x20000014   Data           4  freertos.o(.data)
    task4_t                                  0x20000018   Data           4  freertos.o(.data)
    task5_t                                  0x2000001c   Data           4  freertos.o(.data)
    task_imu_t                               0x20000020   Data           4  freertos.o(.data)
    SystemCoreClock                          0x2000002c   Data           4  system_stm32f4xx.o(.data)
    pxCurrentTCB                             0x20000048   Data           4  tasks.o(.data)
    mpu_id                                   0x20000092   Data           1  bsp_imu.o(.data)
    halfT                                    0x200000dc   Data           4  bsp_imu.o(.data)
    Kp                                       0x200000e0   Data           4  bsp_imu.o(.data)
    Ki                                       0x200000e4   Data           4  bsp_imu.o(.data)
    this_x                                   0x200000e8   Data           4  bsp_imu.o(.data)
    this_y                                   0x200000ec   Data           4  bsp_imu.o(.data)
    this_z                                   0x200000f0   Data           4  bsp_imu.o(.data)
    last_x                                   0x200000f4   Data           4  bsp_imu.o(.data)
    last_y                                   0x200000f8   Data           4  bsp_imu.o(.data)
    last_z                                   0x200000fc   Data           4  bsp_imu.o(.data)
    x_cnt                                    0x20000100   Data           2  bsp_imu.o(.data)
    y_cnt                                    0x20000102   Data           2  bsp_imu.o(.data)
    z_cnt                                    0x20000104   Data           2  bsp_imu.o(.data)
    this_y_int                               0x20000108   Data           4  bsp_imu.o(.data)
    imu_time_last                            0x2000010c   Data           4  bsp_imu.o(.data)
    imu_time_ms                              0x20000110   Data           4  bsp_imu.o(.data)
    rc                                       0x20000114   Data          20  uart_device.o(.bss)
    dbus_recv                                0x20000128   Data          18  uart_device.o(.bss)
    moto_pit                                 0x2000013c   Data          60  can_device.o(.bss)
    moto_chassis                             0x20000178   Data         240  can_device.o(.bss)
    hcan1                                    0x20000268   Data          68  can.o(.bss)
    hcan2                                    0x200002ac   Data          68  can.o(.bss)
    huart7                                   0x200002f0   Data          64  usart.o(.bss)
    huart8                                   0x20000330   Data          64  usart.o(.bss)
    huart1                                   0x20000370   Data          64  usart.o(.bss)
    huart3                                   0x200003b0   Data          64  usart.o(.bss)
    huart6                                   0x200003f0   Data          64  usart.o(.bss)
    hdma_uart7_rx                            0x20000430   Data          96  usart.o(.bss)
    hdma_uart8_rx                            0x20000490   Data          96  usart.o(.bss)
    hdma_usart1_rx                           0x200004f0   Data          96  usart.o(.bss)
    hdma_usart3_rx                           0x20000550   Data          96  usart.o(.bss)
    hdma_usart6_rx                           0x200005b0   Data          96  usart.o(.bss)
    htim6                                    0x20000610   Data          60  stm32f4xx_hal_timebase_tim.o(.bss)
    htim2                                    0x200043d0   Data          60  tim.o(.bss)
    htim3                                    0x2000440c   Data          60  tim.o(.bss)
    htim4                                    0x20004448   Data          60  tim.o(.bss)
    htim5                                    0x20004484   Data          60  tim.o(.bss)
    htim8                                    0x200044c0   Data          60  tim.o(.bss)
    htim12                                   0x200044fc   Data          60  tim.o(.bss)
    hadc1                                    0x20004538   Data          72  adc.o(.bss)
    hrtc                                     0x200045fc   Data          32  rtc.o(.bss)
    hspi5                                    0x2000461c   Data          88  spi.o(.bss)
    __libspace_start                         0x20004674   Data          96  libspace.o(.bss)
    __temporary_stack_top$libspace           0x200046d4   Data           0  libspace.o(.bss)



==============================================================================

Memory Map of the image

  Image Entry point : 0x080001ad

  Load Region LR_IROM1 (Base: 0x08000000, Size: 0x00009c00, Max: 0x00200000, ABSOLUTE)

    Execution Region ER_IROM1 (Exec base: 0x08000000, Load base: 0x08000000, Size: 0x00009aec, Max: 0x00200000, ABSOLUTE)

    Exec Addr    Load Addr    Size         Type   Attr      Idx    E Section Name        Object

    0x08000000   0x08000000   0x000001ac   Data   RO         6039    RESET               RoboMentors_Board1_3.lib(startup_stm32f427xx.o)
    0x080001ac   0x080001ac   0x00000008   Code   RO         5887  * !!!main             c_w.l(__main.o)
    0x080001b4   0x080001b4   0x00000034   Code   RO         6172    !!!scatter          c_w.l(__scatter.o)
    0x080001e8   0x080001e8   0x0000001a   Code   RO         6174    !!handler_copy      c_w.l(__scatter_copy.o)
    0x08000202   0x08000202   0x00000002   PAD
    0x08000204   0x08000204   0x0000001c   Code   RO         6176    !!handler_zi        c_w.l(__scatter_zi.o)
    0x08000220   0x08000220   0x00000002   Code   RO         6036    .ARM.Collect$$libinit$$00000000  c_w.l(libinit.o)
    0x08000222   0x08000222   0x00000004   Code   RO         6046    .ARM.Collect$$libinit$$00000001  c_w.l(libinit2.o)
    0x08000226   0x08000226   0x00000000   Code   RO         6049    .ARM.Collect$$libinit$$00000004  c_w.l(libinit2.o)
    0x08000226   0x08000226   0x00000000   Code   RO         6052    .ARM.Collect$$libinit$$0000000A  c_w.l(libinit2.o)
    0x08000226   0x08000226   0x00000000   Code   RO         6054    .ARM.Collect$$libinit$$0000000C  c_w.l(libinit2.o)
    0x08000226   0x08000226   0x00000000   Code   RO         6056    .ARM.Collect$$libinit$$0000000E  c_w.l(libinit2.o)
    0x08000226   0x08000226   0x00000000   Code   RO         6059    .ARM.Collect$$libinit$$00000011  c_w.l(libinit2.o)
    0x08000226   0x08000226   0x00000000   Code   RO         6061    .ARM.Collect$$libinit$$00000013  c_w.l(libinit2.o)
    0x08000226   0x08000226   0x00000000   Code   RO         6063    .ARM.Collect$$libinit$$00000015  c_w.l(libinit2.o)
    0x08000226   0x08000226   0x00000000   Code   RO         6065    .ARM.Collect$$libinit$$00000017  c_w.l(libinit2.o)
    0x08000226   0x08000226   0x00000000   Code   RO         6067    .ARM.Collect$$libinit$$00000019  c_w.l(libinit2.o)
    0x08000226   0x08000226   0x00000000   Code   RO         6069    .ARM.Collect$$libinit$$0000001B  c_w.l(libinit2.o)
    0x08000226   0x08000226   0x00000000   Code   RO         6071    .ARM.Collect$$libinit$$0000001D  c_w.l(libinit2.o)
    0x08000226   0x08000226   0x00000000   Code   RO         6073    .ARM.Collect$$libinit$$0000001F  c_w.l(libinit2.o)
    0x08000226   0x08000226   0x00000000   Code   RO         6075    .ARM.Collect$$libinit$$00000021  c_w.l(libinit2.o)
    0x08000226   0x08000226   0x00000000   Code   RO         6077    .ARM.Collect$$libinit$$00000023  c_w.l(libinit2.o)
    0x08000226   0x08000226   0x00000000   Code   RO         6079    .ARM.Collect$$libinit$$00000025  c_w.l(libinit2.o)
    0x08000226   0x08000226   0x00000000   Code   RO         6083    .ARM.Collect$$libinit$$0000002C  c_w.l(libinit2.o)
    0x08000226   0x08000226   0x00000000   Code   RO         6085    .ARM.Collect$$libinit$$0000002E  c_w.l(libinit2.o)
    0x08000226   0x08000226   0x00000000   Code   RO         6087    .ARM.Collect$$libinit$$00000030  c_w.l(libinit2.o)
    0x08000226   0x08000226   0x00000000   Code   RO         6089    .ARM.Collect$$libinit$$00000032  c_w.l(libinit2.o)
    0x08000226   0x08000226   0x00000002   Code   RO         6090    .ARM.Collect$$libinit$$00000033  c_w.l(libinit2.o)
    0x08000228   0x08000228   0x00000002   Code   RO         6112    .ARM.Collect$$libshutdown$$00000000  c_w.l(libshutdown.o)
    0x0800022a   0x0800022a   0x00000000   Code   RO         6125    .ARM.Collect$$libshutdown$$00000002  c_w.l(libshutdown2.o)
    0x0800022a   0x0800022a   0x00000000   Code   RO         6127    .ARM.Collect$$libshutdown$$00000004  c_w.l(libshutdown2.o)
    0x0800022a   0x0800022a   0x00000000   Code   RO         6130    .ARM.Collect$$libshutdown$$00000007  c_w.l(libshutdown2.o)
    0x0800022a   0x0800022a   0x00000000   Code   RO         6133    .ARM.Collect$$libshutdown$$0000000A  c_w.l(libshutdown2.o)
    0x0800022a   0x0800022a   0x00000000   Code   RO         6135    .ARM.Collect$$libshutdown$$0000000C  c_w.l(libshutdown2.o)
    0x0800022a   0x0800022a   0x00000000   Code   RO         6138    .ARM.Collect$$libshutdown$$0000000F  c_w.l(libshutdown2.o)
    0x0800022a   0x0800022a   0x00000002   Code   RO         6139    .ARM.Collect$$libshutdown$$00000010  c_w.l(libshutdown2.o)
    0x0800022c   0x0800022c   0x00000000   Code   RO         5933    .ARM.Collect$$rtentry$$00000000  c_w.l(__rtentry.o)
    0x0800022c   0x0800022c   0x00000000   Code   RO         6003    .ARM.Collect$$rtentry$$00000002  c_w.l(__rtentry2.o)
    0x0800022c   0x0800022c   0x00000006   Code   RO         6015    .ARM.Collect$$rtentry$$00000004  c_w.l(__rtentry4.o)
    0x08000232   0x08000232   0x00000000   Code   RO         6005    .ARM.Collect$$rtentry$$00000009  c_w.l(__rtentry2.o)
    0x08000232   0x08000232   0x00000004   Code   RO         6006    .ARM.Collect$$rtentry$$0000000A  c_w.l(__rtentry2.o)
    0x08000236   0x08000236   0x00000000   Code   RO         6008    .ARM.Collect$$rtentry$$0000000C  c_w.l(__rtentry2.o)
    0x08000236   0x08000236   0x00000008   Code   RO         6009    .ARM.Collect$$rtentry$$0000000D  c_w.l(__rtentry2.o)
    0x0800023e   0x0800023e   0x00000002   Code   RO         6044    .ARM.Collect$$rtexit$$00000000  c_w.l(rtexit.o)
    0x08000240   0x08000240   0x00000000   Code   RO         6092    .ARM.Collect$$rtexit$$00000002  c_w.l(rtexit2.o)
    0x08000240   0x08000240   0x00000004   Code   RO         6093    .ARM.Collect$$rtexit$$00000003  c_w.l(rtexit2.o)
    0x08000244   0x08000244   0x00000006   Code   RO         6094    .ARM.Collect$$rtexit$$00000004  c_w.l(rtexit2.o)
    0x0800024a   0x0800024a   0x00000002   PAD
    0x0800024c   0x0800024c   0x000000ba   Code   RO         4239    .emb_text           RoboMentors_Board1_3.lib(port.o)
    0x08000306   0x08000306   0x00000064   Code   RO         5881    .text               c_w.l(rt_memcpy_w.o)
    0x0800036a   0x0800036a   0x00000010   Code   RO         5883    .text               c_w.l(aeabi_memset.o)
    0x0800037a   0x0800037a   0x00000044   Code   RO         5885    .text               c_w.l(rt_memclr.o)
    0x080003be   0x080003be   0x00000016   Code   RO         5934    .text               c_w.l(_rserrno.o)
    0x080003d4   0x080003d4   0x0000004e   Code   RO         5936    .text               c_w.l(rt_memclr_w.o)
    0x08000422   0x08000422   0x00000002   PAD
    0x08000424   0x08000424   0x00000008   Code   RO         6020    .text               c_w.l(rt_errno_addr_intlibspace.o)
    0x0800042c   0x0800042c   0x00000008   Code   RO         6024    .text               c_w.l(libspace.o)
    0x08000434   0x08000434   0x0000004a   Code   RO         6027    .text               c_w.l(sys_stackheap_outer.o)
    0x0800047e   0x0800047e   0x00000012   Code   RO         6029    .text               c_w.l(exit.o)
    0x08000490   0x08000490   0x00000040   Code   RO         6040    .text               RoboMentors_Board1_3.lib(startup_stm32f427xx.o)
    0x080004d0   0x080004d0   0x00000006   Code   RO         6098    .text               c_w.l(heapauxi.o)
    0x080004d6   0x080004d6   0x00000002   PAD
    0x080004d8   0x080004d8   0x0000000c   Code   RO         6104    .text               c_w.l(sys_exit.o)
    0x080004e4   0x080004e4   0x00000002   Code   RO         6115    .text               c_w.l(use_no_semi.o)
    0x080004e6   0x080004e6   0x00000000   Code   RO         6117    .text               c_w.l(indicate_semi.o)
    0x080004e6   0x080004e6   0x00000002   PAD
    0x080004e8   0x080004e8   0x0000016c   Code   RO         3687    i.ADC_Init          RoboMentors_Board1_3.lib(stm32f4xx_hal_adc.o)
    0x08000654   0x08000654   0x00000004   Code   RO          439    i.BusFault_Handler  stm32f4xx_it.o
    0x08000658   0x08000658   0x00000010   Code   RO          440    i.CAN1_RX0_IRQHandler  stm32f4xx_it.o
    0x08000668   0x08000668   0x00000010   Code   RO          441    i.CAN1_TX_IRQHandler  stm32f4xx_it.o
    0x08000678   0x08000678   0x00000010   Code   RO          442    i.CAN2_RX0_IRQHandler  stm32f4xx_it.o
    0x08000688   0x08000688   0x00000010   Code   RO          443    i.CAN2_TX_IRQHandler  stm32f4xx_it.o
    0x08000698   0x08000698   0x000001c2   Code   RO         1616    i.CAN_Receive_IT    RoboMentors_Board1_3.lib(stm32f4xx_hal_can.o)
    0x0800085a   0x0800085a   0x00000062   Code   RO         1617    i.CAN_Transmit_IT   RoboMentors_Board1_3.lib(stm32f4xx_hal_can.o)
    0x080008bc   0x080008bc   0x00000010   Code   RO          444    i.DMA1_Stream1_IRQHandler  stm32f4xx_it.o
    0x080008cc   0x080008cc   0x00000010   Code   RO          445    i.DMA1_Stream3_IRQHandler  stm32f4xx_it.o
    0x080008dc   0x080008dc   0x00000010   Code   RO          446    i.DMA1_Stream6_IRQHandler  stm32f4xx_it.o
    0x080008ec   0x080008ec   0x00000010   Code   RO          447    i.DMA2_Stream1_IRQHandler  stm32f4xx_it.o
    0x080008fc   0x080008fc   0x00000010   Code   RO          448    i.DMA2_Stream2_IRQHandler  stm32f4xx_it.o
    0x0800090c   0x0800090c   0x00000034   Code   RO          593    i.DMA_CalcBaseAndBitshift  RoboMentors_Board1_3.lib(stm32f4xx_hal_dma.o)
    0x08000940   0x08000940   0x000000aa   Code   RO          594    i.DMA_CheckFifoParam  RoboMentors_Board1_3.lib(stm32f4xx_hal_dma.o)
    0x080009ea   0x080009ea   0x0000002c   Code   RO          595    i.DMA_SetConfig     RoboMentors_Board1_3.lib(stm32f4xx_hal_dma.o)
    0x08000a16   0x08000a16   0x00000002   Code   RO          449    i.DebugMon_Handler  stm32f4xx_it.o
    0x08000a18   0x08000a18   0x00000194   Code   RO         3689    i.HAL_ADC_ConfigChannel  RoboMentors_Board1_3.lib(stm32f4xx_hal_adc.o)
    0x08000bac   0x08000bac   0x00000068   Code   RO         3698    i.HAL_ADC_Init      RoboMentors_Board1_3.lib(stm32f4xx_hal_adc.o)
    0x08000c14   0x08000c14   0x00000054   Code   RO         4633    i.HAL_ADC_MspInit   RoboMentors_Board1_3.lib(adc.o)
    0x08000c68   0x08000c68   0x00000108   Code   RO         1618    i.HAL_CAN_ConfigFilter  RoboMentors_Board1_3.lib(stm32f4xx_hal_can.o)
    0x08000d70   0x08000d70   0x00000002   Code   RO         1620    i.HAL_CAN_ErrorCallback  RoboMentors_Board1_3.lib(stm32f4xx_hal_can.o)
    0x08000d72   0x08000d72   0x00000002   PAD
    0x08000d74   0x08000d74   0x00000254   Code   RO         1623    i.HAL_CAN_IRQHandler  RoboMentors_Board1_3.lib(stm32f4xx_hal_can.o)
    0x08000fc8   0x08000fc8   0x000001bc   Code   RO         1624    i.HAL_CAN_Init      RoboMentors_Board1_3.lib(stm32f4xx_hal_can.o)
    0x08001184   0x08001184   0x00000134   Code   RO         2477    i.HAL_CAN_MspInit   RoboMentors_Board1_3.lib(can.o)
    0x080012b8   0x080012b8   0x0000010c   Code   RO         1628    i.HAL_CAN_Receive_IT  RoboMentors_Board1_3.lib(stm32f4xx_hal_can.o)
    0x080013c4   0x080013c4   0x00000068   Code   RO         2850    i.HAL_CAN_RxCpltCallback  RoboMentors_Board1_3.lib(bsp_can.o)
    0x0800142c   0x0800142c   0x00000002   Code   RO         1633    i.HAL_CAN_TxCpltCallback  RoboMentors_Board1_3.lib(stm32f4xx_hal_can.o)
    0x0800142e   0x0800142e   0x00000028   Code   RO          597    i.HAL_DMA_Abort_IT  RoboMentors_Board1_3.lib(stm32f4xx_hal_dma.o)
    0x08001456   0x08001456   0x00000002   PAD
    0x08001458   0x08001458   0x00000248   Code   RO          601    i.HAL_DMA_IRQHandler  RoboMentors_Board1_3.lib(stm32f4xx_hal_dma.o)
    0x080016a0   0x080016a0   0x000000ec   Code   RO          602    i.HAL_DMA_Init      RoboMentors_Board1_3.lib(stm32f4xx_hal_dma.o)
    0x0800178c   0x0800178c   0x00000066   Code   RO          605    i.HAL_DMA_Start     RoboMentors_Board1_3.lib(stm32f4xx_hal_dma.o)
    0x080017f2   0x080017f2   0x0000001e   Code   RO         1458    i.HAL_Delay         RoboMentors_Board1_3.lib(stm32f4xx_hal.o)
    0x08001810   0x08001810   0x0000021c   Code   RO         3140    i.HAL_GPIO_Init     RoboMentors_Board1_3.lib(stm32f4xx_hal_gpio.o)
    0x08001a2c   0x08001a2c   0x0000000c   Code   RO         3144    i.HAL_GPIO_WritePin  RoboMentors_Board1_3.lib(stm32f4xx_hal_gpio.o)
    0x08001a38   0x08001a38   0x0000000c   Code   RO         1466    i.HAL_GetTick       RoboMentors_Board1_3.lib(stm32f4xx_hal.o)
    0x08001a44   0x08001a44   0x00000010   Code   RO         1468    i.HAL_IncTick       RoboMentors_Board1_3.lib(stm32f4xx_hal.o)
    0x08001a54   0x08001a54   0x0000003c   Code   RO         1469    i.HAL_Init          RoboMentors_Board1_3.lib(stm32f4xx_hal.o)
    0x08001a90   0x08001a90   0x0000008c   Code   RO         2597    i.HAL_InitTick      RoboMentors_Board1_3.lib(stm32f4xx_hal_timebase_tim.o)
    0x08001b1c   0x08001b1c   0x00000002   Code   RO         1472    i.HAL_MspInit       RoboMentors_Board1_3.lib(stm32f4xx_hal.o)
    0x08001b1e   0x08001b1e   0x0000001a   Code   RO         3549    i.HAL_NVIC_EnableIRQ  RoboMentors_Board1_3.lib(stm32f4xx_hal_cortex.o)
    0x08001b38   0x08001b38   0x0000007c   Code   RO         3555    i.HAL_NVIC_SetPriority  RoboMentors_Board1_3.lib(stm32f4xx_hal_cortex.o)
    0x08001bb4   0x08001bb4   0x00000028   Code   RO         3556    i.HAL_NVIC_SetPriorityGrouping  RoboMentors_Board1_3.lib(stm32f4xx_hal_cortex.o)
    0x08001bdc   0x08001bdc   0x000000a4   Code   RO         4807    i.HAL_PWREx_EnableOverDrive  RoboMentors_Board1_3.lib(stm32f4xx_hal_pwr_ex.o)
    0x08001c80   0x08001c80   0x00000370   Code   RO         4875    i.HAL_RCCEx_PeriphCLKConfig  RoboMentors_Board1_3.lib(stm32f4xx_hal_rcc_ex.o)
    0x08001ff0   0x08001ff0   0x000001d0   Code   RO         3204    i.HAL_RCC_ClockConfig  RoboMentors_Board1_3.lib(stm32f4xx_hal_rcc.o)
    0x080021c0   0x080021c0   0x00000044   Code   RO         3208    i.HAL_RCC_GetClockConfig  RoboMentors_Board1_3.lib(stm32f4xx_hal_rcc.o)
    0x08002204   0x08002204   0x0000000c   Code   RO         3209    i.HAL_RCC_GetHCLKFreq  RoboMentors_Board1_3.lib(stm32f4xx_hal_rcc.o)
    0x08002210   0x08002210   0x0000002c   Code   RO         3211    i.HAL_RCC_GetPCLK1Freq  RoboMentors_Board1_3.lib(stm32f4xx_hal_rcc.o)
    0x0800223c   0x0800223c   0x0000002c   Code   RO         3212    i.HAL_RCC_GetPCLK2Freq  RoboMentors_Board1_3.lib(stm32f4xx_hal_rcc.o)
    0x08002268   0x08002268   0x000000b4   Code   RO         3213    i.HAL_RCC_GetSysClockFreq  RoboMentors_Board1_3.lib(stm32f4xx_hal_rcc.o)
    0x0800231c   0x0800231c   0x0000044c   Code   RO         3216    i.HAL_RCC_OscConfig  RoboMentors_Board1_3.lib(stm32f4xx_hal_rcc.o)
    0x08002768   0x08002768   0x00000012   Code   RO         5653    i.HAL_RTCEx_BKUPRead  RoboMentors_Board1_3.lib(stm32f4xx_hal_rtc_ex.o)
    0x0800277a   0x0800277a   0x00000012   Code   RO         5654    i.HAL_RTCEx_BKUPWrite  RoboMentors_Board1_3.lib(stm32f4xx_hal_rtc_ex.o)
    0x0800278c   0x0800278c   0x000000fe   Code   RO         5679    i.HAL_RTCEx_SetWakeUpTimer  RoboMentors_Board1_3.lib(stm32f4xx_hal_rtc_ex.o)
    0x0800288a   0x0800288a   0x00000002   PAD
    0x0800288c   0x0800288c   0x000000b4   Code   RO         5522    i.HAL_RTC_Init      RoboMentors_Board1_3.lib(stm32f4xx_hal_rtc.o)
    0x08002940   0x08002940   0x00000018   Code   RO         5407    i.HAL_RTC_MspInit   RoboMentors_Board1_3.lib(rtc.o)
    0x08002958   0x08002958   0x00000114   Code   RO         5528    i.HAL_RTC_SetDate   RoboMentors_Board1_3.lib(stm32f4xx_hal_rtc.o)
    0x08002a6c   0x08002a6c   0x00000134   Code   RO         5529    i.HAL_RTC_SetTime   RoboMentors_Board1_3.lib(stm32f4xx_hal_rtc.o)
    0x08002ba0   0x08002ba0   0x0000003a   Code   RO         5530    i.HAL_RTC_WaitForSynchro  RoboMentors_Board1_3.lib(stm32f4xx_hal_rtc.o)
    0x08002bda   0x08002bda   0x0000008c   Code   RO         4926    i.HAL_SPI_Init      RoboMentors_Board1_3.lib(stm32f4xx_hal_spi.o)
    0x08002c66   0x08002c66   0x00000002   PAD
    0x08002c68   0x08002c68   0x0000005c   Code   RO         5449    i.HAL_SPI_MspInit   RoboMentors_Board1_3.lib(spi.o)
    0x08002cc4   0x08002cc4   0x0000021e   Code   RO         4935    i.HAL_SPI_TransmitReceive  RoboMentors_Board1_3.lib(stm32f4xx_hal_spi.o)
    0x08002ee2   0x08002ee2   0x00000028   Code   RO         3558    i.HAL_SYSTICK_CLKSourceConfig  RoboMentors_Board1_3.lib(stm32f4xx_hal_cortex.o)
    0x08002f0a   0x08002f0a   0x00000034   Code   RO         3560    i.HAL_SYSTICK_Config  RoboMentors_Board1_3.lib(stm32f4xx_hal_cortex.o)
    0x08002f3e   0x08002f3e   0x00000002   Code   RO         3305    i.HAL_TIMEx_BreakCallback  RoboMentors_Board1_3.lib(stm32f4xx_hal_tim_ex.o)
    0x08002f40   0x08002f40   0x00000002   Code   RO         3306    i.HAL_TIMEx_CommutationCallback  RoboMentors_Board1_3.lib(stm32f4xx_hal_tim_ex.o)
    0x08002f42   0x08002f42   0x0000007e   Code   RO         3307    i.HAL_TIMEx_ConfigBreakDeadTime  RoboMentors_Board1_3.lib(stm32f4xx_hal_tim_ex.o)
    0x08002fc0   0x08002fc0   0x00000062   Code   RO         3322    i.HAL_TIMEx_MasterConfigSynchronization  RoboMentors_Board1_3.lib(stm32f4xx_hal_tim_ex.o)
    0x08003022   0x08003022   0x00000034   Code   RO          812    i.HAL_TIM_Base_Init  RoboMentors_Board1_3.lib(stm32f4xx_hal_tim.o)
    0x08003056   0x08003056   0x00000002   Code   RO          814    i.HAL_TIM_Base_MspInit  RoboMentors_Board1_3.lib(stm32f4xx_hal_tim.o)
    0x08003058   0x08003058   0x0000001e   Code   RO          817    i.HAL_TIM_Base_Start_IT  RoboMentors_Board1_3.lib(stm32f4xx_hal_tim.o)
    0x08003076   0x08003076   0x00000002   Code   RO          841    i.HAL_TIM_IC_CaptureCallback  RoboMentors_Board1_3.lib(stm32f4xx_hal_tim.o)
    0x08003078   0x08003078   0x00000196   Code   RO          854    i.HAL_TIM_IRQHandler  RoboMentors_Board1_3.lib(stm32f4xx_hal_tim.o)
    0x0800320e   0x0800320e   0x00000002   PAD
    0x08003210   0x08003210   0x00000128   Code   RO         4492    i.HAL_TIM_MspPostInit  RoboMentors_Board1_3.lib(tim.o)
    0x08003338   0x08003338   0x00000002   Code   RO          857    i.HAL_TIM_OC_DelayElapsedCallback  RoboMentors_Board1_3.lib(stm32f4xx_hal_tim.o)
    0x0800333a   0x0800333a   0x00000108   Code   RO          878    i.HAL_TIM_PWM_ConfigChannel  RoboMentors_Board1_3.lib(stm32f4xx_hal_tim.o)
    0x08003442   0x08003442   0x00000034   Code   RO          881    i.HAL_TIM_PWM_Init  RoboMentors_Board1_3.lib(stm32f4xx_hal_tim.o)
    0x08003476   0x08003476   0x00000002   PAD
    0x08003478   0x08003478   0x00000110   Code   RO         4494    i.HAL_TIM_PWM_MspInit  RoboMentors_Board1_3.lib(tim.o)
    0x08003588   0x08003588   0x00000002   Code   RO          884    i.HAL_TIM_PWM_PulseFinishedCallback  RoboMentors_Board1_3.lib(stm32f4xx_hal_tim.o)
    0x0800358a   0x0800358a   0x00000002   PAD
    0x0800358c   0x0800358c   0x0000004c   Code   RO          885    i.HAL_TIM_PWM_Start  RoboMentors_Board1_3.lib(stm32f4xx_hal_tim.o)
    0x080035d8   0x080035d8   0x00000018   Code   RO         4570    i.HAL_TIM_PeriodElapsedCallback  RoboMentors_Board1_3.lib(main.o)
    0x080035f0   0x080035f0   0x00000002   Code   RO          895    i.HAL_TIM_TriggerCallback  RoboMentors_Board1_3.lib(stm32f4xx_hal_tim.o)
    0x080035f2   0x080035f2   0x00000002   Code   RO         1767    i.HAL_UART_ErrorCallback  RoboMentors_Board1_3.lib(stm32f4xx_hal_uart.o)
    0x080035f4   0x080035f4   0x0000014c   Code   RO         1770    i.HAL_UART_IRQHandler  RoboMentors_Board1_3.lib(stm32f4xx_hal_uart.o)
    0x08003740   0x08003740   0x00000072   Code   RO         1771    i.HAL_UART_Init     RoboMentors_Board1_3.lib(stm32f4xx_hal_uart.o)
    0x080037b2   0x080037b2   0x00000002   PAD
    0x080037b4   0x080037b4   0x00000358   Code   RO         2529    i.HAL_UART_MspInit  RoboMentors_Board1_3.lib(usart.o)
    0x08003b0c   0x08003b0c   0x00000002   Code   RO         1777    i.HAL_UART_RxCpltCallback  RoboMentors_Board1_3.lib(stm32f4xx_hal_uart.o)
    0x08003b0e   0x08003b0e   0x00000002   Code   RO         1782    i.HAL_UART_TxCpltCallback  RoboMentors_Board1_3.lib(stm32f4xx_hal_uart.o)
    0x08003b10   0x08003b10   0x00000004   Code   RO          450    i.HardFault_Handler  stm32f4xx_it.o
    0x08003b14   0x08003b14   0x0000007c   Code   RO         4634    i.MX_ADC1_Init      RoboMentors_Board1_3.lib(adc.o)
    0x08003b90   0x08003b90   0x00000058   Code   RO         2478    i.MX_CAN1_Init      RoboMentors_Board1_3.lib(can.o)
    0x08003be8   0x08003be8   0x0000005c   Code   RO         2479    i.MX_CAN2_Init      RoboMentors_Board1_3.lib(can.o)
    0x08003c44   0x08003c44   0x00000098   Code   RO         5490    i.MX_DMA_Init       RoboMentors_Board1_3.lib(dma.o)
    0x08003cdc   0x08003cdc   0x00000048   Code   RO         2637    i.MX_FREERTOS_Init  RoboMentors_Board1_3.lib(freertos.o)
    0x08003d24   0x08003d24   0x000002b4   Code   RO         5382    i.MX_GPIO_Init      RoboMentors_Board1_3.lib(gpio.o)
    0x08003fd8   0x08003fd8   0x000000d0   Code   RO         5408    i.MX_RTC_Init       RoboMentors_Board1_3.lib(rtc.o)
    0x080040a8   0x080040a8   0x00000058   Code   RO         5450    i.MX_SPI5_Init      RoboMentors_Board1_3.lib(spi.o)
    0x08004100   0x08004100   0x0000006c   Code   RO         4495    i.MX_TIM12_Init     RoboMentors_Board1_3.lib(tim.o)
    0x0800416c   0x0800416c   0x000000c4   Code   RO         4496    i.MX_TIM2_Init      RoboMentors_Board1_3.lib(tim.o)
    0x08004230   0x08004230   0x000000a0   Code   RO         4497    i.MX_TIM3_Init      RoboMentors_Board1_3.lib(tim.o)
    0x080042d0   0x080042d0   0x000000c8   Code   RO         4498    i.MX_TIM4_Init      RoboMentors_Board1_3.lib(tim.o)
    0x08004398   0x08004398   0x000000c8   Code   RO         4499    i.MX_TIM5_Init      RoboMentors_Board1_3.lib(tim.o)
    0x08004460   0x08004460   0x00000104   Code   RO         4500    i.MX_TIM8_Init      RoboMentors_Board1_3.lib(tim.o)
    0x08004564   0x08004564   0x0000004c   Code   RO         2530    i.MX_UART7_Init     RoboMentors_Board1_3.lib(usart.o)
    0x080045b0   0x080045b0   0x0000004c   Code   RO         2531    i.MX_UART8_Init     RoboMentors_Board1_3.lib(usart.o)
    0x080045fc   0x080045fc   0x00000050   Code   RO         2532    i.MX_USART1_UART_Init  RoboMentors_Board1_3.lib(usart.o)
    0x0800464c   0x0800464c   0x0000004c   Code   RO         2533    i.MX_USART3_UART_Init  RoboMentors_Board1_3.lib(usart.o)
    0x08004698   0x08004698   0x0000004c   Code   RO         2534    i.MX_USART6_UART_Init  RoboMentors_Board1_3.lib(usart.o)
    0x080046e4   0x080046e4   0x00000004   Code   RO          451    i.MemManage_Handler  stm32f4xx_it.o
    0x080046e8   0x080046e8   0x00000002   Code   RO          452    i.NMI_Handler       stm32f4xx_it.o
    0x080046ea   0x080046ea   0x00000002   PAD
    0x080046ec   0x080046ec   0x00000010   Code   RO         3562    i.NVIC_GetPriorityGrouping  RoboMentors_Board1_3.lib(stm32f4xx_hal_cortex.o)
    0x080046fc   0x080046fc   0x00000028   Code   RO         3563    i.NVIC_SetPriority  RoboMentors_Board1_3.lib(stm32f4xx_hal_cortex.o)
    0x08004724   0x08004724   0x00000016   Code   RO         5531    i.RTC_Bcd2ToByte    RoboMentors_Board1_3.lib(stm32f4xx_hal_rtc.o)
    0x0800473a   0x0800473a   0x0000001a   Code   RO         5532    i.RTC_ByteToBcd2    RoboMentors_Board1_3.lib(stm32f4xx_hal_rtc.o)
    0x08004754   0x08004754   0x0000003e   Code   RO         5533    i.RTC_EnterInitMode  RoboMentors_Board1_3.lib(stm32f4xx_hal_rtc.o)
    0x08004792   0x08004792   0x00000028   Code   RO         4950    i.SPI_CheckFlag_BSY  RoboMentors_Board1_3.lib(stm32f4xx_hal_spi.o)
    0x080047ba   0x080047ba   0x000000aa   Code   RO         4968    i.SPI_WaitFlagStateUntilTimeout  RoboMentors_Board1_3.lib(stm32f4xx_hal_spi.o)
    0x08004864   0x08004864   0x0000000a   Code   RO         2638    i.StartDefaultTask  RoboMentors_Board1_3.lib(freertos.o)
    0x0800486e   0x0800486e   0x00000008   Code   RO          453    i.SysTick_Handler   stm32f4xx_it.o
    0x08004876   0x08004876   0x00000002   PAD
    0x08004878   0x08004878   0x00000108   Code   RO         4571    i.SystemClock_Config  RoboMentors_Board1_3.lib(main.o)
    0x08004980   0x08004980   0x00000064   Code   RO         3101    i.SystemInit        RoboMentors_Board1_3.lib(system_stm32f4xx.o)
    0x080049e4   0x080049e4   0x00000010   Code   RO          454    i.TIM6_DAC_IRQHandler  stm32f4xx_it.o
    0x080049f4   0x080049f4   0x000000e4   Code   RO          896    i.TIM_Base_SetConfig  RoboMentors_Board1_3.lib(stm32f4xx_hal_tim.o)
    0x08004ad8   0x08004ad8   0x0000001c   Code   RO          897    i.TIM_CCxChannelCmd  RoboMentors_Board1_3.lib(stm32f4xx_hal_tim.o)
    0x08004af4   0x08004af4   0x00000070   Code   RO          905    i.TIM_OC1_SetConfig  RoboMentors_Board1_3.lib(stm32f4xx_hal_tim.o)
    0x08004b64   0x08004b64   0x00000078   Code   RO          906    i.TIM_OC2_SetConfig  RoboMentors_Board1_3.lib(stm32f4xx_hal_tim.o)
    0x08004bdc   0x08004bdc   0x00000078   Code   RO          907    i.TIM_OC3_SetConfig  RoboMentors_Board1_3.lib(stm32f4xx_hal_tim.o)
    0x08004c54   0x08004c54   0x00000060   Code   RO          908    i.TIM_OC4_SetConfig  RoboMentors_Board1_3.lib(stm32f4xx_hal_tim.o)
    0x08004cb4   0x08004cb4   0x00000014   Code   RO          455    i.UART7_IRQHandler  stm32f4xx_it.o
    0x08004cc8   0x08004cc8   0x00000014   Code   RO          456    i.UART8_IRQHandler  stm32f4xx_it.o
    0x08004cdc   0x08004cdc   0x00000014   Code   RO         1784    i.UART_DMAAbortOnError  RoboMentors_Board1_3.lib(stm32f4xx_hal_uart.o)
    0x08004cf0   0x08004cf0   0x00000020   Code   RO         1794    i.UART_EndRxTransfer  RoboMentors_Board1_3.lib(stm32f4xx_hal_uart.o)
    0x08004d10   0x08004d10   0x00000020   Code   RO         1795    i.UART_EndTransmit_IT  RoboMentors_Board1_3.lib(stm32f4xx_hal_uart.o)
    0x08004d30   0x08004d30   0x0000009a   Code   RO         1797    i.UART_Receive_IT   RoboMentors_Board1_3.lib(stm32f4xx_hal_uart.o)
    0x08004dca   0x08004dca   0x00000002   PAD
    0x08004dcc   0x08004dcc   0x00000368   Code   RO         1798    i.UART_SetConfig    RoboMentors_Board1_3.lib(stm32f4xx_hal_uart.o)
    0x08005134   0x08005134   0x00000068   Code   RO         1799    i.UART_Transmit_IT  RoboMentors_Board1_3.lib(stm32f4xx_hal_uart.o)
    0x0800519c   0x0800519c   0x00000014   Code   RO          457    i.USART1_IRQHandler  stm32f4xx_it.o
    0x080051b0   0x080051b0   0x00000014   Code   RO          458    i.USART3_IRQHandler  stm32f4xx_it.o
    0x080051c4   0x080051c4   0x00000014   Code   RO          459    i.USART6_IRQHandler  stm32f4xx_it.o
    0x080051d8   0x080051d8   0x00000004   Code   RO          460    i.UsageFault_Handler  stm32f4xx_it.o
    0x080051dc   0x080051dc   0x00000004   Code   RO         4572    i._Error_Handler    RoboMentors_Board1_3.lib(main.o)
    0x080051e0   0x080051e0   0x00000030   Code   RO         5997    i.__ARM_fpclassify  m_wm.l(fpclassify.o)
    0x08005210   0x08005210   0x00000360   Code   RO         5895    i.__hardfp_asin     m_wm.l(asin.o)
    0x08005570   0x08005570   0x000002d8   Code   RO         5963    i.__hardfp_atan     m_wm.l(atan.o)
    0x08005848   0x08005848   0x000001f0   Code   RO         5909    i.__hardfp_atan2    m_wm.l(atan2.o)
    0x08005a38   0x08005a38   0x0000007a   Code   RO         5921    i.__hardfp_sqrt     m_wm.l(sqrt.o)
    0x08005ab2   0x08005ab2   0x000000f8   Code   RO         5999    i.__kernel_poly     m_wm.l(poly.o)
    0x08005baa   0x08005baa   0x00000014   Code   RO         5978    i.__mathlib_dbl_infnan  m_wm.l(dunder.o)
    0x08005bbe   0x08005bbe   0x00000014   Code   RO         5979    i.__mathlib_dbl_infnan2  m_wm.l(dunder.o)
    0x08005bd2   0x08005bd2   0x00000006   PAD
    0x08005bd8   0x08005bd8   0x00000020   Code   RO         5980    i.__mathlib_dbl_invalid  m_wm.l(dunder.o)
    0x08005bf8   0x08005bf8   0x00000020   Code   RO         5983    i.__mathlib_dbl_underflow  m_wm.l(dunder.o)
    0x08005c18   0x08005c18   0x00000010   Code   RO         5965    i.atan              m_wm.l(atan.o)
    0x08005c28   0x08005c28   0x000000d8   Code   RO          159    i.can1_recv_callback  can_device.o
    0x08005d00   0x08005d00   0x00000068   Code   RO         2851    i.can_device_init   RoboMentors_Board1_3.lib(bsp_can.o)
    0x08005d68   0x08005d68   0x0000001c   Code   RO         2852    i.can_receive_start  RoboMentors_Board1_3.lib(bsp_can.o)
    0x08005d84   0x08005d84   0x00000018   Code   RO         2853    i.can_recv_callback_register  RoboMentors_Board1_3.lib(bsp_can.o)
    0x08005d9c   0x08005d9c   0x00000014   Code   RO            4    i.dbus_uart_callback  uart_device.o
    0x08005db0   0x08005db0   0x0000002c   Code   RO         2977    i.digital_tube_init  RoboMentors_Board1_3.lib(bsp_io.o)
    0x08005ddc   0x08005ddc   0x000000b8   Code   RO         2978    i.display_num       RoboMentors_Board1_3.lib(bsp_io.o)
    0x08005e94   0x08005e94   0x000000d0   Code   RO          161    i.encoder_data_handle  can_device.o
    0x08005f64   0x08005f64   0x00000018   Code   RO         5993    i.fabs              m_wm.l(fabs.o)
    0x08005f7c   0x08005f7c   0x00000010   Code   RO          162    i.get_moto_offset   can_device.o
    0x08005f8c   0x08005f8c   0x000007e0   Code   RO         4675    i.imu_AHRS_update   RoboMentors_Board1_3.lib(bsp_imu.o)
    0x0800676c   0x0800676c   0x00000344   Code   RO         4676    i.imu_attitude_update  RoboMentors_Board1_3.lib(bsp_imu.o)
    0x08006ab0   0x08006ab0   0x00000034   Code   RO         4677    i.imu_task          RoboMentors_Board1_3.lib(bsp_imu.o)
    0x08006ae4   0x08006ae4   0x00000094   Code   RO          320    i.init_setup        startup.o
    0x08006b78   0x08006b78   0x0000003c   Code   RO         4678    i.invSqrt           RoboMentors_Board1_3.lib(bsp_imu.o)
    0x08006bb4   0x08006bb4   0x00000100   Code   RO         4680    i.ist8310_init      RoboMentors_Board1_3.lib(bsp_imu.o)
    0x08006cb4   0x08006cb4   0x0000003a   Code   RO         4681    i.ist_reg_read_by_mpu  RoboMentors_Board1_3.lib(bsp_imu.o)
    0x08006cee   0x08006cee   0x00000040   Code   RO         4682    i.ist_reg_write_by_mpu  RoboMentors_Board1_3.lib(bsp_imu.o)
    0x08006d2e   0x08006d2e   0x00000002   PAD
    0x08006d30   0x08006d30   0x000000b0   Code   RO         4573    i.main              RoboMentors_Board1_3.lib(main.o)
    0x08006de0   0x08006de0   0x0000000e   Code   RO         2078    i.makeFreeRtosPriority  RoboMentors_Board1_3.lib(cmsis_os.o)
    0x08006dee   0x08006dee   0x00000002   PAD
    0x08006df0   0x08006df0   0x00000068   Code   RO         4683    i.mpu_device_init   RoboMentors_Board1_3.lib(bsp_imu.o)
    0x08006e58   0x08006e58   0x000001e8   Code   RO         4684    i.mpu_get_data      RoboMentors_Board1_3.lib(bsp_imu.o)
    0x08007040   0x08007040   0x0000008c   Code   RO         4685    i.mpu_mst_i2c_auto_read_config  RoboMentors_Board1_3.lib(bsp_imu.o)
    0x080070cc   0x080070cc   0x00000130   Code   RO         4686    i.mpu_offset_cal    RoboMentors_Board1_3.lib(bsp_imu.o)
    0x080071fc   0x080071fc   0x00000054   Code   RO         4687    i.mpu_read_reg      RoboMentors_Board1_3.lib(bsp_imu.o)
    0x08007250   0x08007250   0x00000064   Code   RO         4688    i.mpu_read_regs     RoboMentors_Board1_3.lib(bsp_imu.o)
    0x080072b4   0x080072b4   0x00000058   Code   RO         4689    i.mpu_write_reg     RoboMentors_Board1_3.lib(bsp_imu.o)
    0x0800730c   0x0800730c   0x00000018   Code   RO         2080    i.osDelay           RoboMentors_Board1_3.lib(cmsis_os.o)
    0x08007324   0x08007324   0x0000000a   Code   RO         2083    i.osKernelStart     RoboMentors_Board1_3.lib(cmsis_os.o)
    0x0800732e   0x0800732e   0x00000010   Code   RO         2116    i.osSystickHandler  RoboMentors_Board1_3.lib(cmsis_os.o)
    0x0800733e   0x0800733e   0x00000030   Code   RO         2117    i.osThreadCreate    RoboMentors_Board1_3.lib(cmsis_os.o)
    0x0800736e   0x0800736e   0x00000002   PAD
    0x08007370   0x08007370   0x00000098   Code   RO         3922    i.prvAddCurrentTaskToDelayedList  RoboMentors_Board1_3.lib(tasks.o)
    0x08007408   0x08007408   0x000000b4   Code   RO         3923    i.prvAddNewTaskToReadyList  RoboMentors_Board1_3.lib(tasks.o)
    0x080074bc   0x080074bc   0x00000064   Code   RO         3924    i.prvCheckTasksWaitingTermination  RoboMentors_Board1_3.lib(tasks.o)
    0x08007520   0x08007520   0x00000012   Code   RO         3925    i.prvDeleteTCB      RoboMentors_Board1_3.lib(tasks.o)
    0x08007532   0x08007532   0x00000002   PAD
    0x08007534   0x08007534   0x0000007c   Code   RO         3851    i.prvHeapInit       RoboMentors_Board1_3.lib(heap_4.o)
    0x080075b0   0x080075b0   0x00000028   Code   RO         3926    i.prvIdleTask       RoboMentors_Board1_3.lib(tasks.o)
    0x080075d8   0x080075d8   0x000000b4   Code   RO         3927    i.prvInitialiseNewTask  RoboMentors_Board1_3.lib(tasks.o)
    0x0800768c   0x0800768c   0x00000068   Code   RO         3928    i.prvInitialiseTaskLists  RoboMentors_Board1_3.lib(tasks.o)
    0x080076f4   0x080076f4   0x00000068   Code   RO         3852    i.prvInsertBlockIntoFreeList  RoboMentors_Board1_3.lib(heap_4.o)
    0x0800775c   0x0800775c   0x00000034   Code   RO         3929    i.prvResetNextTaskUnblockTime  RoboMentors_Board1_3.lib(tasks.o)
    0x08007790   0x08007790   0x00000040   Code   RO         4240    i.prvTaskExitError  RoboMentors_Board1_3.lib(port.o)
    0x080077d0   0x080077d0   0x0000013c   Code   RO         3853    i.pvPortMalloc      RoboMentors_Board1_3.lib(heap_4.o)
    0x0800790c   0x0800790c   0x0000002c   Code   RO         4241    i.pxPortInitialiseStack  RoboMentors_Board1_3.lib(port.o)
    0x08007938   0x08007938   0x00000144   Code   RO         2983    i.refresh_digital_tube  RoboMentors_Board1_3.lib(bsp_io.o)
    0x08007a7c   0x08007a7c   0x00000178   Code   RO            5    i.remote_data_handle  uart_device.o
    0x08007bf4   0x08007bf4   0x00000184   Code   RO         2985    i.set_digital_io_dir  RoboMentors_Board1_3.lib(bsp_io.o)
    0x08007d78   0x08007d78   0x0000006e   Code   RO         5923    i.sqrt              m_wm.l(sqrt.o)
    0x08007de6   0x08007de6   0x000000b4   Code   RO          412    i.study_task        study_task.o
    0x08007e9a   0x08007e9a   0x00000002   PAD
    0x08007e9c   0x08007e9c   0x00000028   Code   RO          321    i.sys_start_task    startup.o
    0x08007ec4   0x08007ec4   0x00000114   Code   RO         2915    i.uart_init         RoboMentors_Board1_3.lib(bsp_uart.o)
    0x08007fd8   0x08007fd8   0x0000005c   Code   RO         2916    i.uart_receive_no_dma_it  RoboMentors_Board1_3.lib(bsp_uart.o)
    0x08008034   0x08008034   0x00000078   Code   RO         2917    i.uart_receive_start  RoboMentors_Board1_3.lib(bsp_uart.o)
    0x080080ac   0x080080ac   0x00000038   Code   RO         2918    i.uart_recv_callback_register  RoboMentors_Board1_3.lib(bsp_uart.o)
    0x080080e4   0x080080e4   0x0000043c   Code   RO         2919    i.uart_recv_interrupt_callback  RoboMentors_Board1_3.lib(bsp_uart.o)
    0x08008520   0x08008520   0x00000028   Code   RO         5334    i.uxListRemove      RoboMentors_Board1_3.lib(list.o)
    0x08008548   0x08008548   0x00000004   Code   RO         2639    i.vApplicationStackOverflowHook  RoboMentors_Board1_3.lib(freertos.o)
    0x0800854c   0x0800854c   0x0000001a   Code   RO         5335    i.vListInitialise   RoboMentors_Board1_3.lib(list.o)
    0x08008566   0x08008566   0x00000006   Code   RO         5336    i.vListInitialiseItem  RoboMentors_Board1_3.lib(list.o)
    0x0800856c   0x0800856c   0x00000034   Code   RO         5337    i.vListInsert       RoboMentors_Board1_3.lib(list.o)
    0x080085a0   0x080085a0   0x00000018   Code   RO         5338    i.vListInsertEnd    RoboMentors_Board1_3.lib(list.o)
    0x080085b8   0x080085b8   0x00000054   Code   RO         4243    i.vPortEnterCritical  RoboMentors_Board1_3.lib(port.o)
    0x0800860c   0x0800860c   0x0000003c   Code   RO         4244    i.vPortExitCritical  RoboMentors_Board1_3.lib(port.o)
    0x08008648   0x08008648   0x00000094   Code   RO         3854    i.vPortFree         RoboMentors_Board1_3.lib(heap_4.o)
    0x080086dc   0x080086dc   0x00000020   Code   RO         4245    i.vPortSetupTimerInterrupt  RoboMentors_Board1_3.lib(port.o)
    0x080086fc   0x080086fc   0x0000005c   Code   RO         3939    i.vTaskDelay        RoboMentors_Board1_3.lib(tasks.o)
    0x08008758   0x08008758   0x00000088   Code   RO         3951    i.vTaskStartScheduler  RoboMentors_Board1_3.lib(tasks.o)
    0x080087e0   0x080087e0   0x00000010   Code   RO         3953    i.vTaskSuspendAll   RoboMentors_Board1_3.lib(tasks.o)
    0x080087f0   0x080087f0   0x000000a8   Code   RO         3954    i.vTaskSwitchContext  RoboMentors_Board1_3.lib(tasks.o)
    0x08008898   0x08008898   0x000000b0   Code   RO         2991    i.write_digital_io  RoboMentors_Board1_3.lib(bsp_io.o)
    0x08008948   0x08008948   0x000000dc   Code   RO         2992    i.write_led_io      RoboMentors_Board1_3.lib(bsp_io.o)
    0x08008a24   0x08008a24   0x0000013c   Code   RO         4247    i.xPortStartScheduler  RoboMentors_Board1_3.lib(port.o)
    0x08008b60   0x08008b60   0x00000034   Code   RO         4248    i.xPortSysTickHandler  RoboMentors_Board1_3.lib(port.o)
    0x08008b94   0x08008b94   0x00000060   Code   RO         3956    i.xTaskCreate       RoboMentors_Board1_3.lib(tasks.o)
    0x08008bf4   0x08008bf4   0x00000020   Code   RO         3960    i.xTaskGetSchedulerState  RoboMentors_Board1_3.lib(tasks.o)
    0x08008c14   0x08008c14   0x00000148   Code   RO         3963    i.xTaskIncrementTick  RoboMentors_Board1_3.lib(tasks.o)
    0x08008d5c   0x08008d5c   0x00000104   Code   RO         3969    i.xTaskResumeAll    RoboMentors_Board1_3.lib(tasks.o)
    0x08008e60   0x08008e60   0x00000018   Code   RO         5938    x$fpl$basic         fz_wm.l(basic.o)
    0x08008e78   0x08008e78   0x00000062   Code   RO         5889    x$fpl$d2f           fz_wm.l(d2f.o)
    0x08008eda   0x08008eda   0x00000002   PAD
    0x08008edc   0x08008edc   0x00000150   Code   RO         5940    x$fpl$dadd          fz_wm.l(daddsub_clz.o)
    0x0800902c   0x0800902c   0x000002b0   Code   RO         5947    x$fpl$ddiv          fz_wm.l(ddiv.o)
    0x080092dc   0x080092dc   0x00000154   Code   RO         5891    x$fpl$dmul          fz_wm.l(dmul.o)
    0x08009430   0x08009430   0x0000009c   Code   RO         5952    x$fpl$dnaninf       fz_wm.l(dnaninf.o)
    0x080094cc   0x080094cc   0x0000000c   Code   RO         5954    x$fpl$dretinf       fz_wm.l(dretinf.o)
    0x080094d8   0x080094d8   0x00000016   Code   RO         5941    x$fpl$drsb          fz_wm.l(daddsub_clz.o)
    0x080094ee   0x080094ee   0x00000002   PAD
    0x080094f0   0x080094f0   0x00000198   Code   RO         5956    x$fpl$dsqrt         fz_wm.l(dsqrt_umaal.o)
    0x08009688   0x08009688   0x000001d4   Code   RO         5942    x$fpl$dsub          fz_wm.l(daddsub_clz.o)
    0x0800985c   0x0800985c   0x00000056   Code   RO         5893    x$fpl$f2d           fz_wm.l(f2d.o)
    0x080098b2   0x080098b2   0x0000008c   Code   RO         5958    x$fpl$fnaninf       fz_wm.l(fnaninf.o)
    0x0800993e   0x0800993e   0x0000000a   Code   RO         6102    x$fpl$fpinit        fz_wm.l(fpinit.o)
    0x08009948   0x08009948   0x0000000a   Code   RO         5960    x$fpl$fretinf       fz_wm.l(fretinf.o)
    0x08009952   0x08009952   0x00000000   Code   RO         5962    x$fpl$usenofp       fz_wm.l(usenofp.o)
    0x08009952   0x08009952   0x00000002   PAD
    0x08009954   0x08009954   0x00000014   Data   RO          322    .constdata          startup.o
    0x08009968   0x08009968   0x00000008   Data   RO          608    .constdata          RoboMentors_Board1_3.lib(stm32f4xx_hal_dma.o)
    0x08009970   0x08009970   0x00000028   Data   RO         2640    .constdata          RoboMentors_Board1_3.lib(freertos.o)
    0x08009998   0x08009998   0x00000018   Data   RO         3102    .constdata          RoboMentors_Board1_3.lib(system_stm32f4xx.o)
    0x080099b0   0x080099b0   0x0000000e   Data   RO         4691    .constdata          RoboMentors_Board1_3.lib(bsp_imu.o)
    0x080099be   0x080099be   0x00000002   PAD
    0x080099c0   0x080099c0   0x00000050   Data   RO         5898    .constdata          m_wm.l(asin.o)
    0x08009a10   0x08009a10   0x00000098   Data   RO         5966    .constdata          m_wm.l(atan.o)
    0x08009aa8   0x08009aa8   0x00000008   Data   RO         6001    .constdata          m_wm.l(qnan.o)
    0x08009ab0   0x08009ab0   0x00000008   Data   RO          323    .conststring        startup.o
    0x08009ab8   0x08009ab8   0x00000014   Data   RO         2641    .conststring        RoboMentors_Board1_3.lib(freertos.o)
    0x08009acc   0x08009acc   0x00000020   Data   RO         6170    Region$$Table       anon$$obj.o


    Execution Region RW_IRAM1 (Exec base: 0x20000000, Load base: 0x08009aec, Size: 0x00005bd8, Max: 0x00030000, ABSOLUTE)

    Exec Addr    Load Addr    Size         Type   Attr      Idx    E Section Name        Object

    0x20000000   0x08009aec   0x00000004   Data   RW         1475    .data               RoboMentors_Board1_3.lib(stm32f4xx_hal.o)
    0x20000004   0x08009af0   0x00000004   Data   RW         2481    .data               RoboMentors_Board1_3.lib(can.o)
    0x20000008   0x08009af4   0x0000001c   Data   RW         2642    .data               RoboMentors_Board1_3.lib(freertos.o)
    0x20000024   0x08009b10   0x00000008   Data   RW         2857    .data               RoboMentors_Board1_3.lib(bsp_can.o)
    0x2000002c   0x08009b18   0x00000004   Data   RW         3103    .data               RoboMentors_Board1_3.lib(system_stm32f4xx.o)
    0x20000030   0x08009b1c   0x00000018   Data   RW         3859    .data               RoboMentors_Board1_3.lib(heap_4.o)
    0x20000048   0x08009b34   0x0000003c   Data   RW         3972    .data               RoboMentors_Board1_3.lib(tasks.o)
    0x20000084   0x08009b70   0x0000000c   Data   RW         4249    .data               RoboMentors_Board1_3.lib(port.o)
    0x20000090   0x08009b7c   0x00000084   Data   RW         4692    .data               RoboMentors_Board1_3.lib(bsp_imu.o)
    0x20000114        -       0x00000026   Zero   RW            6    .bss                uart_device.o
    0x2000013a   0x08009c00   0x00000002   PAD
    0x2000013c        -       0x0000012c   Zero   RW          168    .bss                can_device.o
    0x20000268        -       0x00000088   Zero   RW         2480    .bss                RoboMentors_Board1_3.lib(can.o)
    0x200002f0        -       0x00000320   Zero   RW         2535    .bss                RoboMentors_Board1_3.lib(usart.o)
    0x20000610        -       0x0000003c   Zero   RW         2600    .bss                RoboMentors_Board1_3.lib(stm32f4xx_hal_timebase_tim.o)
    0x2000064c        -       0x00000080   Zero   RW         2856    .bss                RoboMentors_Board1_3.lib(bsp_can.o)
    0x200006cc        -       0x00000014   Zero   RW         2921    .bss                RoboMentors_Board1_3.lib(bsp_uart.o)
    0x200006e0        -       0x00003c00   Zero   RW         3858    .bss                RoboMentors_Board1_3.lib(heap_4.o)
    0x200042e0        -       0x000000f0   Zero   RW         3971    .bss                RoboMentors_Board1_3.lib(tasks.o)
    0x200043d0        -       0x00000168   Zero   RW         4501    .bss                RoboMentors_Board1_3.lib(tim.o)
    0x20004538        -       0x00000048   Zero   RW         4635    .bss                RoboMentors_Board1_3.lib(adc.o)
    0x20004580        -       0x0000007c   Zero   RW         4690    .bss                RoboMentors_Board1_3.lib(bsp_imu.o)
    0x200045fc        -       0x00000020   Zero   RW         5409    .bss                RoboMentors_Board1_3.lib(rtc.o)
    0x2000461c        -       0x00000058   Zero   RW         5451    .bss                RoboMentors_Board1_3.lib(spi.o)
    0x20004674        -       0x00000060   Zero   RW         6025    .bss                c_w.l(libspace.o)
    0x200046d4   0x08009c00   0x00000004   PAD
    0x200046d8        -       0x00000500   Zero   RW         6038    HEAP                RoboMentors_Board1_3.lib(startup_stm32f427xx.o)
    0x20004bd8        -       0x00001000   Zero   RW         6037    STACK               RoboMentors_Board1_3.lib(startup_stm32f427xx.o)


==============================================================================

Image component sizes


      Code (inc. data)   RO Data    RW Data    ZI Data      Debug   Object Name

       440         18          0          0        300       3416   can_device.o
       188         28         28          0          0      19068   startup.o
       288         80          0          0          0      10423   stm32f4xx_it.o
       180          0          0          0          0        593   study_task.o
       396          8          0          0         38       7152   uart_device.o

    ----------------------------------------------------------------------
      1498        134         60          0        340      40652   Object Totals
         0          0         32          0          0          0   (incl. Generated)
         6          0          0          0          2          0   (incl. Padding)

    ----------------------------------------------------------------------

      Code (inc. data)   RO Data    RW Data    ZI Data      Debug   Library Member Name

       208         44          0          0         72       1697   adc.o
       260         50          0          8        128       2920   bsp_can.o
      4650        328         14        132        124      11240   bsp_imu.o
      1336        106          0          0          0       4194   bsp_io.o
      1628        106          0          0         20       4974   bsp_uart.o
       488         74          0          4        136       2426   can.o
       112          0          0          0          0      22538   cmsis_os.o
       152          6          0          0          0        846   dma.o
        86         14         60         28          0     749369   freertos.o
       692         44          0          0          0       1411   gpio.o
       692         62          0         24      15360       8923   heap_4.o
       148          0          0          0          0       8890   list.o
       468         44          0          0          0       2969   main.o
       838         78          0         12          0      11272   port.o
       232         32          0          0         32       1603   rtc.o
       180         38          0          0         88       1661   spi.o
        64         26        428          0       5376        828   startup_stm32f427xx.o
       120         16          0          4          0       4426   stm32f4xx_hal.o
       872         34          0          0          0       2831   stm32f4xx_hal_adc.o
      2124         20          0          0          0       6981   stm32f4xx_hal_can.o
       338         22          0          0          0      31641   stm32f4xx_hal_cortex.o
      1228         20          8          0          0     782459   stm32f4xx_hal_dma.o
       552         54          0          0          0       2376   stm32f4xx_hal_gpio.o
       164         12          0          0          0       1312   stm32f4xx_hal_pwr_ex.o
      1912         90          0          0          0       6257   stm32f4xx_hal_rcc.o
       880         24          0          0          0       1600   stm32f4xx_hal_rcc_ex.o
       932         14          0          0          0       5870   stm32f4xx_hal_rtc.o
       290          0          0          0          0       2822   stm32f4xx_hal_rtc_ex.o
       892          0          0          0          0       4385   stm32f4xx_hal_spi.o
      1594         88          0          0          0      12473   stm32f4xx_hal_tim.o
       228          0          0          0          0       3246   stm32f4xx_hal_tim_ex.o
       140         18          0          0         60       1544   stm32f4xx_hal_timebase_tim.o
      1666         14          0          0          0       8007   stm32f4xx_hal_uart.o
       100         18         24          4          0       1203   system_stm32f4xx.o
      1954        276          0         60        240      24762   tasks.o
      1692        212          0          0        360       6182   tim.o
      1240        218          0          0        800       4671   usart.o
         8          0          0          0          0         68   __main.o
         0          0          0          0          0          0   __rtentry.o
        12          0          0          0          0          0   __rtentry2.o
         6          0          0          0          0          0   __rtentry4.o
        52          8          0          0          0          0   __scatter.o
        26          0          0          0          0          0   __scatter_copy.o
        28          0          0          0          0          0   __scatter_zi.o
        22          0          0          0          0        100   _rserrno.o
        16          0          0          0          0         68   aeabi_memset.o
        18          0          0          0          0         80   exit.o
         6          0          0          0          0        152   heapauxi.o
         0          0          0          0          0          0   indicate_semi.o
         2          0          0          0          0          0   libinit.o
         6          0          0          0          0          0   libinit2.o
         2          0          0          0          0          0   libshutdown.o
         2          0          0          0          0          0   libshutdown2.o
         8          4          0          0         96         68   libspace.o
         8          4          0          0          0         68   rt_errno_addr_intlibspace.o
        68          0          0          0          0         68   rt_memclr.o
        78          0          0          0          0         80   rt_memclr_w.o
       100          0          0          0          0         80   rt_memcpy_w.o
         2          0          0          0          0          0   rtexit.o
        10          0          0          0          0          0   rtexit2.o
        12          4          0          0          0         68   sys_exit.o
        74          0          0          0          0         80   sys_stackheap_outer.o
         2          0          0          0          0         68   use_no_semi.o
        24          0          0          0          0        164   basic.o
        98          4          0          0          0        140   d2f.o
       826         16          0          0          0        492   daddsub_clz.o
       688        140          0          0          0        256   ddiv.o
       340         12          0          0          0        152   dmul.o
       156          4          0          0          0        140   dnaninf.o
        12          0          0          0          0        116   dretinf.o
       408         56          0          0          0        168   dsqrt_umaal.o
        86          4          0          0          0        132   f2d.o
       140          4          0          0          0        132   fnaninf.o
        10          0          0          0          0        116   fpinit.o
        10          0          0          0          0        116   fretinf.o
         0          0          0          0          0          0   usenofp.o
       864         94         80          0          0        280   asin.o
       744        106        152          0          0        352   atan.o
       496         64          0          0          0        192   atan2.o
       104         16          0          0          0        496   dunder.o
        24          0          0          0          0        124   fabs.o
        48          0          0          0          0        124   fpclassify.o
       248          0          0          0          0        152   poly.o
         0          0          8          0          0          0   qnan.o
       232          0          0          0          0        296   sqrt.o

    ----------------------------------------------------------------------
     37326       2742        776        276      22896    1757997   Library Totals
        48          0          2          0          4          0   (incl. Padding)

    ----------------------------------------------------------------------

      Code (inc. data)   RO Data    RW Data    ZI Data      Debug   Library Name

     31152       2202        534        276      22796    1752809   RoboMentors_Board1_3.lib
       568         20          0          0         96       1048   c_w.l
      2798        240          0          0          0       2124   fz_wm.l
      2760        280        240          0          0       2016   m_wm.l

    ----------------------------------------------------------------------
     37326       2742        776        276      22896    1757997   Library Totals

    ----------------------------------------------------------------------

==============================================================================


      Code (inc. data)   RO Data    RW Data    ZI Data      Debug   

     38824       2876        836        276      23236    1774481   Grand Totals
     38824       2876        836        276      23236    1774481   ELF Image Totals
     38824       2876        836        276          0          0   ROM Totals

==============================================================================

    Total RO  Size (Code + RO Data)                39660 (  38.73kB)
    Total RW  Size (RW Data + ZI Data)             23512 (  22.96kB)
    Total ROM Size (Code + RO Data + RW Data)      39936 (  39.00kB)

==============================================================================

